[2025-12-02T00:23:45.048+0000][0.024s][info][gc] Using G1
[2025-12-02T00:23:45.050+0000][0.027s][info][gc,init] Version: 17.0.16+8-Debian-1deb12u1 (release)
[2025-12-02T00:23:45.050+0000][0.027s][info][gc,init] CPUs: 12 total, 12 available
[2025-12-02T00:23:45.050+0000][0.027s][info][gc,init] Memory: 7907M
[2025-12-02T00:23:45.051+0000][0.027s][info][gc,init] Large Page Support: Disabled
[2025-12-02T00:23:45.051+0000][0.027s][info][gc,init] NUMA Support: Disabled
[2025-12-02T00:23:45.051+0000][0.027s][info][gc,init] Compressed Oops: Enabled (32-bit)
[2025-12-02T00:23:45.051+0000][0.028s][info][gc,init] Heap Region Size: 1M
[2025-12-02T00:23:45.051+0000][0.028s][info][gc,init] Heap Min Capacity: 8M
[2025-12-02T00:23:45.051+0000][0.028s][info][gc,init] Heap Initial Capacity: 124M
[2025-12-02T00:23:45.051+0000][0.028s][info][gc,init] Heap Max Capacity: 1978M
[2025-12-02T00:23:45.051+0000][0.028s][info][gc,init] Pre-touch: Disabled
[2025-12-02T00:23:45.052+0000][0.028s][info][gc,init] Parallel Workers: 10
[2025-12-02T00:23:45.052+0000][0.028s][info][gc,init] Concurrent Workers: 3
[2025-12-02T00:23:45.052+0000][0.028s][info][gc,init] Concurrent Refinement Workers: 10
[2025-12-02T00:23:45.052+0000][0.028s][info][gc,init] Periodic GC: Disabled
[2025-12-02T00:23:45.069+0000][0.046s][info][gc,metaspace] CDS archive(s) mapped at: [0x00007fe453000000-0x00007fe453bca000-0x00007fe453bca000), size 12361728, SharedBaseAddress: 0x00007fe453000000, ArchiveRelocationMode: 1.
[2025-12-02T00:23:45.070+0000][0.046s][info][gc,metaspace] Compressed class space mapped at: 0x00007fe454000000-0x00007fe494000000, reserved size: 1073741824
[2025-12-02T00:23:45.070+0000][0.046s][info][gc,metaspace] Narrow klass base: 0x00007fe453000000, Narrow klass shift: 0, Narrow klass range: 0x100000000
[2025-12-02T00:23:45.082+0000][0.058s][info][cds,heap    ] initialize_from_archived_subgraph java.lang.Module$ArchivedData 0x00007fe4531837f0 (early)
[2025-12-02T00:23:45.082+0000][0.059s][info][cds,heap    ] initialize_from_archived_subgraph java.util.ImmutableCollections 0x00007fe453072308 (early)
[2025-12-02T00:23:45.084+0000][0.061s][info][cds,heap    ] initialize_from_archived_subgraph java.lang.Integer$IntegerCache 0x00007fe453037660 (early)
[2025-12-02T00:23:45.089+0000][0.066s][info][cds,heap    ] initialize_from_archived_subgraph java.lang.module.Configuration 0x00007fe453171770 (early)
[2025-12-02T00:23:45.089+0000][0.066s][info][cds,heap    ] initialize_from_archived_subgraph java.lang.ModuleLayer 0x00007fe453145ba8 (early)
[2025-12-02T00:23:45.090+0000][0.066s][info][cds,heap    ] initialize_from_archived_subgraph jdk.internal.loader.ArchivedClassLoaders 0x00007fe4531a7e68 (early)
[2025-12-02T00:23:45.090+0000][0.067s][info][cds,heap    ] initialize_from_archived_subgraph jdk.internal.module.ArchivedBootLayer 0x00007fe4531783b0 (early)
[2025-12-02T00:23:45.094+0000][0.070s][info][cds,heap    ] initialize_from_archived_subgraph sun.util.locale.BaseLocale 0x00007fe45326ebf0
[2025-12-02T00:23:45.105+0000][0.081s][info][cds,heap    ] initialize_from_archived_subgraph java.util.jar.Attributes$Name 0x00007fe4531998d0
[2025-12-02T00:23:45.128+0000][0.105s][info][cds,heap    ] initialize_from_archived_subgraph java.lang.Long$LongCache 0x00007fe453020f98
[2025-12-02T00:23:45.193+0000][0.169s][info][cds,heap    ] initialize_from_archived_subgraph java.lang.Character$CharacterCache 0x00007fe45303a9e8
[2025-12-02T00:23:45.540+0000][0.517s][debug][safepoint   ] Safepoint synchronization initiated using futex wait barrier. (14 threads)
[2025-12-02T00:23:45.541+0000][0.517s][info ][safepoint   ] Safepoint "ICBufferFull", Time since last: 460077106 ns, Reaching safepoint: 215869 ns, Cleanup: 101849 ns, At safepoint: 2115 ns, Total: 319833 ns
[2025-12-02T00:23:45.658+0000][0.635s][debug][safepoint   ] Safepoint synchronization initiated using futex wait barrier. (14 threads)
[2025-12-02T00:23:45.659+0000][0.635s][info ][gc,start    ] GC(0) Pause Young (Normal) (G1 Evacuation Pause)
[2025-12-02T00:23:45.659+0000][0.636s][info ][gc,task     ] GC(0) Using 3 workers of 10 for evacuation
[2025-12-02T00:23:45.666+0000][0.642s][info ][gc,phases   ] GC(0)   Pre Evacuate Collection Set: 0.1ms
[2025-12-02T00:23:45.666+0000][0.643s][info ][gc,phases   ] GC(0)   Merge Heap Roots: 0.1ms
[2025-12-02T00:23:45.666+0000][0.643s][info ][gc,phases   ] GC(0)   Evacuate Collection Set: 5.7ms
[2025-12-02T00:23:45.666+0000][0.643s][info ][gc,phases   ] GC(0)   Post Evacuate Collection Set: 0.8ms
[2025-12-02T00:23:45.666+0000][0.643s][info ][gc,phases   ] GC(0)   Other: 0.6ms
[2025-12-02T00:23:45.666+0000][0.643s][info ][gc,heap     ] GC(0) Eden regions: 58->0(60)
[2025-12-02T00:23:45.667+0000][0.643s][info ][gc,heap     ] GC(0) Survivor regions: 0->8(8)
[2025-12-02T00:23:45.667+0000][0.643s][info ][gc,heap     ] GC(0) Old regions: 0->1
[2025-12-02T00:23:45.667+0000][0.643s][info ][gc,heap     ] GC(0) Archive regions: 2->2
[2025-12-02T00:23:45.667+0000][0.643s][info ][gc,heap     ] GC(0) Humongous regions: 0->0
[2025-12-02T00:23:45.667+0000][0.644s][info ][gc,metaspace] GC(0) Metaspace: 2637K(2816K)->2637K(2816K) NonClass: 2387K(2496K)->2387K(2496K) Class: 249K(320K)->249K(320K)
[2025-12-02T00:23:45.667+0000][0.644s][info ][gc          ] GC(0) Pause Young (Normal) (G1 Evacuation Pause) 58M->9M(126M) 8.499ms
[2025-12-02T00:23:45.667+0000][0.644s][info ][gc,cpu      ] GC(0) User=0.03s Sys=0.00s Real=0.01s
[2025-12-02T00:23:45.667+0000][0.644s][info ][safepoint   ] Safepoint "G1CollectForAllocation", Time since last: 117457159 ns, Reaching safepoint: 240594 ns, Cleanup: 41850 ns, At safepoint: 8757077 ns, Total: 9039521 ns
[2025-12-02T00:23:45.903+0000][0.880s][debug][safepoint   ] Safepoint synchronization initiated using futex wait barrier. (14 threads)
[2025-12-02T00:23:45.903+0000][0.880s][info ][gc,start    ] GC(1) Pause Young (Normal) (G1 Evacuation Pause)
[2025-12-02T00:23:45.904+0000][0.880s][info ][gc,task     ] GC(1) Using 3 workers of 10 for evacuation
[2025-12-02T00:23:45.911+0000][0.888s][info ][gc,phases   ] GC(1)   Pre Evacuate Collection Set: 0.1ms
[2025-12-02T00:23:45.912+0000][0.888s][info ][gc,phases   ] GC(1)   Merge Heap Roots: 0.1ms
[2025-12-02T00:23:45.912+0000][0.888s][info ][gc,phases   ] GC(1)   Evacuate Collection Set: 6.4ms
[2025-12-02T00:23:45.912+0000][0.888s][info ][gc,phases   ] GC(1)   Post Evacuate Collection Set: 1.1ms
[2025-12-02T00:23:45.912+0000][0.888s][info ][gc,phases   ] GC(1)   Other: 0.3ms
[2025-12-02T00:23:45.912+0000][0.888s][info ][gc,heap     ] GC(1) Eden regions: 60->0(67)
[2025-12-02T00:23:45.912+0000][0.889s][info ][gc,heap     ] GC(1) Survivor regions: 8->3(9)
[2025-12-02T00:23:45.912+0000][0.889s][info ][gc,heap     ] GC(1) Old regions: 1->9
[2025-12-02T00:23:45.912+0000][0.889s][info ][gc,heap     ] GC(1) Archive regions: 2->2
[2025-12-02T00:23:45.912+0000][0.889s][info ][gc,heap     ] GC(1) Humongous regions: 0->0
[2025-12-02T00:23:45.912+0000][0.889s][info ][gc,metaspace] GC(1) Metaspace: 4668K(4928K)->4668K(4928K) NonClass: 4109K(4224K)->4109K(4224K) Class: 558K(704K)->558K(704K)
[2025-12-02T00:23:45.912+0000][0.889s][info ][gc          ] GC(1) Pause Young (Normal) (G1 Evacuation Pause) 69M->12M(126M) 8.840ms
[2025-12-02T00:23:45.912+0000][0.889s][info ][gc,cpu      ] GC(1) User=0.03s Sys=0.00s Real=0.01s
[2025-12-02T00:23:45.912+0000][0.889s][info ][safepoint   ] Safepoint "G1CollectForAllocation", Time since last: 235929233 ns, Reaching safepoint: 231133 ns, Cleanup: 36436 ns, At safepoint: 9023815 ns, Total: 9291384 ns
[2025-12-02T00:23:46.200+0000][1.176s][debug][safepoint   ] Safepoint synchronization initiated using futex wait barrier. (15 threads)
[2025-12-02T00:23:46.200+0000][1.177s][info ][gc,start    ] GC(2) Pause Young (Normal) (G1 Evacuation Pause)
[2025-12-02T00:23:46.200+0000][1.177s][info ][gc,task     ] GC(2) Using 3 workers of 10 for evacuation
[2025-12-02T00:23:46.204+0000][1.181s][info ][gc,phases   ] GC(2)   Pre Evacuate Collection Set: 0.1ms
[2025-12-02T00:23:46.204+0000][1.181s][info ][gc,phases   ] GC(2)   Merge Heap Roots: 0.1ms
[2025-12-02T00:23:46.205+0000][1.181s][info ][gc,phases   ] GC(2)   Evacuate Collection Set: 3.1ms
[2025-12-02T00:23:46.205+0000][1.181s][info ][gc,phases   ] GC(2)   Post Evacuate Collection Set: 0.4ms
[2025-12-02T00:23:46.205+0000][1.181s][info ][gc,phases   ] GC(2)   Other: 0.3ms
[2025-12-02T00:23:46.205+0000][1.181s][info ][gc,heap     ] GC(2) Eden regions: 67->0(70)
[2025-12-02T00:23:46.205+0000][1.181s][info ][gc,heap     ] GC(2) Survivor regions: 3->4(9)
[2025-12-02T00:23:46.205+0000][1.182s][info ][gc,heap     ] GC(2) Old regions: 9->9
[2025-12-02T00:23:46.205+0000][1.182s][info ][gc,heap     ] GC(2) Archive regions: 2->2
[2025-12-02T00:23:46.205+0000][1.182s][info ][gc,heap     ] GC(2) Humongous regions: 0->0
[2025-12-02T00:23:46.205+0000][1.182s][info ][gc,metaspace] GC(2) Metaspace: 7955K(8320K)->7955K(8320K) NonClass: 6928K(7104K)->6928K(7104K) Class: 1026K(1216K)->1026K(1216K)
[2025-12-02T00:23:46.205+0000][1.182s][info ][gc          ] GC(2) Pause Young (Normal) (G1 Evacuation Pause) 79M->13M(126M) 5.126ms
[2025-12-02T00:23:46.205+0000][1.182s][info ][gc,cpu      ] GC(2) User=0.01s Sys=0.01s Real=0.00s
[2025-12-02T00:23:46.206+0000][1.182s][info ][safepoint   ] Safepoint "G1CollectForAllocation", Time since last: 287370912 ns, Reaching safepoint: 206090 ns, Cleanup: 165847 ns, At safepoint: 5354861 ns, Total: 5726798 ns
[2025-12-02T00:23:46.451+0000][1.428s][debug][safepoint   ] Safepoint synchronization initiated using futex wait barrier. (15 threads)
[2025-12-02T00:23:46.452+0000][1.428s][info ][gc,start    ] GC(3) Pause Young (Normal) (G1 Evacuation Pause)
[2025-12-02T00:23:46.452+0000][1.428s][info ][gc,task     ] GC(3) Using 3 workers of 10 for evacuation
[2025-12-02T00:23:46.457+0000][1.433s][info ][gc,phases   ] GC(3)   Pre Evacuate Collection Set: 0.1ms
[2025-12-02T00:23:46.457+0000][1.433s][info ][gc,phases   ] GC(3)   Merge Heap Roots: 0.0ms
[2025-12-02T00:23:46.457+0000][1.434s][info ][gc,phases   ] GC(3)   Evacuate Collection Set: 4.2ms
[2025-12-02T00:23:46.457+0000][1.434s][info ][gc,phases   ] GC(3)   Post Evacuate Collection Set: 0.6ms
[2025-12-02T00:23:46.457+0000][1.434s][info ][gc,phases   ] GC(3)   Other: 0.3ms
[2025-12-02T00:23:46.457+0000][1.434s][info ][gc,heap     ] GC(3) Eden regions: 70->0(69)
[2025-12-02T00:23:46.457+0000][1.434s][info ][gc,heap     ] GC(3) Survivor regions: 4->5(10)
[2025-12-02T00:23:46.458+0000][1.434s][info ][gc,heap     ] GC(3) Old regions: 9->9
[2025-12-02T00:23:46.458+0000][1.434s][info ][gc,heap     ] GC(3) Archive regions: 2->2
[2025-12-02T00:23:46.458+0000][1.434s][info ][gc,heap     ] GC(3) Humongous regions: 0->0
[2025-12-02T00:23:46.458+0000][1.434s][info ][gc,metaspace] GC(3) Metaspace: 11123K(11456K)->11123K(11456K) NonClass: 9649K(9792K)->9649K(9792K) Class: 1474K(1664K)->1474K(1664K)
[2025-12-02T00:23:46.458+0000][1.435s][info ][gc          ] GC(3) Pause Young (Normal) (G1 Evacuation Pause) 83M->14M(126M) 6.381ms
[2025-12-02T00:23:46.458+0000][1.435s][info ][gc,cpu      ] GC(3) User=0.03s Sys=0.01s Real=0.01s
[2025-12-02T00:23:46.458+0000][1.435s][info ][safepoint   ] Safepoint "G1CollectForAllocation", Time since last: 245677823 ns, Reaching safepoint: 206802 ns, Cleanup: 62787 ns, At safepoint: 6655534 ns, Total: 6925123 ns
[2025-12-02T00:23:46.568+0000][1.544s][debug][safepoint   ] Safepoint synchronization initiated using futex wait barrier. (15 threads)
[2025-12-02T00:23:46.568+0000][1.545s][info ][safepoint   ] Safepoint "ICBufferFull", Time since last: 109707203 ns, Reaching safepoint: 214653 ns, Cleanup: 99556 ns, At safepoint: 19322 ns, Total: 333531 ns
[2025-12-02T00:23:46.696+0000][1.673s][debug][safepoint   ] Safepoint synchronization initiated using futex wait barrier. (15 threads)
[2025-12-02T00:23:46.697+0000][1.673s][info ][gc,start    ] GC(4) Pause Young (Normal) (G1 Evacuation Pause)
[2025-12-02T00:23:46.697+0000][1.673s][info ][gc,task     ] GC(4) Using 4 workers of 10 for evacuation
[2025-12-02T00:23:46.701+0000][1.677s][info ][gc,phases   ] GC(4)   Pre Evacuate Collection Set: 0.0ms
[2025-12-02T00:23:46.701+0000][1.678s][info ][gc,phases   ] GC(4)   Merge Heap Roots: 0.0ms
[2025-12-02T00:23:46.701+0000][1.678s][info ][gc,phases   ] GC(4)   Evacuate Collection Set: 3.0ms
[2025-12-02T00:23:46.701+0000][1.678s][info ][gc,phases   ] GC(4)   Post Evacuate Collection Set: 0.8ms
[2025-12-02T00:23:46.701+0000][1.678s][info ][gc,phases   ] GC(4)   Other: 0.3ms
[2025-12-02T00:23:46.701+0000][1.678s][info ][gc,heap     ] GC(4) Eden regions: 69->0(83)
[2025-12-02T00:23:46.701+0000][1.678s][info ][gc,heap     ] GC(4) Survivor regions: 5->8(10)
[2025-12-02T00:23:46.701+0000][1.678s][info ][gc,heap     ] GC(4) Old regions: 9->9
[2025-12-02T00:23:46.702+0000][1.678s][info ][gc,heap     ] GC(4) Archive regions: 2->2
[2025-12-02T00:23:46.702+0000][1.678s][info ][gc,heap     ] GC(4) Humongous regions: 0->0
[2025-12-02T00:23:46.702+0000][1.678s][info ][gc,metaspace] GC(4) Metaspace: 13199K(13504K)->13199K(13504K) NonClass: 11474K(11648K)->11474K(11648K) Class: 1725K(1856K)->1725K(1856K)
[2025-12-02T00:23:46.702+0000][1.678s][info ][gc          ] GC(4) Pause Young (Normal) (G1 Evacuation Pause) 83M->16M(152M) 5.202ms
[2025-12-02T00:23:46.702+0000][1.678s][info ][gc,cpu      ] GC(4) User=0.02s Sys=0.00s Real=0.01s
[2025-12-02T00:23:46.702+0000][1.679s][info ][safepoint   ] Safepoint "G1CollectForAllocation", Time since last: 127937559 ns, Reaching safepoint: 320897 ns, Cleanup: 104037 ns, At safepoint: 5439506 ns, Total: 5864440 ns
[2025-12-02T00:23:46.840+0000][1.817s][debug][safepoint   ] Safepoint synchronization initiated using futex wait barrier. (15 threads)
[2025-12-02T00:23:46.841+0000][1.817s][info ][gc,start    ] GC(5) Pause Young (Normal) (G1 Evacuation Pause)
[2025-12-02T00:23:46.841+0000][1.817s][info ][gc,task     ] GC(5) Using 4 workers of 10 for evacuation
[2025-12-02T00:23:46.845+0000][1.821s][info ][gc,phases   ] GC(5)   Pre Evacuate Collection Set: 0.1ms
[2025-12-02T00:23:46.845+0000][1.822s][info ][gc,phases   ] GC(5)   Merge Heap Roots: 0.1ms
[2025-12-02T00:23:46.845+0000][1.822s][info ][gc,phases   ] GC(5)   Evacuate Collection Set: 3.1ms
[2025-12-02T00:23:46.845+0000][1.822s][info ][gc,phases   ] GC(5)   Post Evacuate Collection Set: 0.6ms
[2025-12-02T00:23:46.845+0000][1.822s][info ][gc,phases   ] GC(5)   Other: 0.3ms
[2025-12-02T00:23:46.845+0000][1.822s][info ][gc,heap     ] GC(5) Eden regions: 83->0(84)
[2025-12-02T00:23:46.845+0000][1.822s][info ][gc,heap     ] GC(5) Survivor regions: 8->7(12)
[2025-12-02T00:23:46.846+0000][1.822s][info ][gc,heap     ] GC(5) Old regions: 9->11
[2025-12-02T00:23:46.846+0000][1.822s][info ][gc,heap     ] GC(5) Archive regions: 2->2
[2025-12-02T00:23:46.846+0000][1.822s][info ][gc,heap     ] GC(5) Humongous regions: 0->0
[2025-12-02T00:23:46.846+0000][1.822s][info ][gc,metaspace] GC(5) Metaspace: 15703K(16064K)->15703K(16064K) NonClass: 13587K(13760K)->13587K(13760K) Class: 2115K(2304K)->2115K(2304K)
[2025-12-02T00:23:46.846+0000][1.822s][info ][gc          ] GC(5) Pause Young (Normal) (G1 Evacuation Pause) 99M->17M(152M) 5.145ms
[2025-12-02T00:23:46.846+0000][1.823s][info ][gc,cpu      ] GC(5) User=0.01s Sys=0.00s Real=0.00s
[2025-12-02T00:23:46.846+0000][1.823s][info ][safepoint   ] Safepoint "G1CollectForAllocation", Time since last: 138403999 ns, Reaching safepoint: 279296 ns, Cleanup: 31995 ns, At safepoint: 5350369 ns, Total: 5661660 ns
[2025-12-02T00:23:46.872+0000][1.848s][info ][cds,heap    ] initialize_from_archived_subgraph java.lang.Byte$ByteCache 0x00007fe45303abf8
[2025-12-02T00:23:46.872+0000][1.848s][info ][cds,heap    ] initialize_from_archived_subgraph java.lang.Short$ShortCache 0x00007fe4530412e8
[2025-12-02T00:23:47.005+0000][1.982s][debug][safepoint   ] Safepoint synchronization initiated using futex wait barrier. (15 threads)
[2025-12-02T00:23:47.006+0000][1.982s][info ][gc,start    ] GC(6) Pause Young (Normal) (G1 Evacuation Pause)
[2025-12-02T00:23:47.006+0000][1.982s][info ][gc,task     ] GC(6) Using 4 workers of 10 for evacuation
[2025-12-02T00:23:47.009+0000][1.986s][info ][gc,phases   ] GC(6)   Pre Evacuate Collection Set: 0.1ms
[2025-12-02T00:23:47.009+0000][1.986s][info ][gc,phases   ] GC(6)   Merge Heap Roots: 0.1ms
[2025-12-02T00:23:47.010+0000][1.986s][info ][gc,phases   ] GC(6)   Evacuate Collection Set: 2.8ms
[2025-12-02T00:23:47.010+0000][1.986s][info ][gc,phases   ] GC(6)   Post Evacuate Collection Set: 0.5ms
[2025-12-02T00:23:47.010+0000][1.986s][info ][gc,phases   ] GC(6)   Other: 0.3ms
[2025-12-02T00:23:47.010+0000][1.986s][info ][gc,heap     ] GC(6) Eden regions: 84->0(83)
[2025-12-02T00:23:47.010+0000][1.987s][info ][gc,heap     ] GC(6) Survivor regions: 7->8(12)
[2025-12-02T00:23:47.010+0000][1.987s][info ][gc,heap     ] GC(6) Old regions: 11->11
[2025-12-02T00:23:47.010+0000][1.987s][info ][gc,heap     ] GC(6) Archive regions: 2->2
[2025-12-02T00:23:47.010+0000][1.987s][info ][gc,heap     ] GC(6) Humongous regions: 0->0
[2025-12-02T00:23:47.010+0000][1.987s][info ][gc,metaspace] GC(6) Metaspace: 19228K(19584K)->19228K(19584K) NonClass: 16649K(16832K)->16649K(16832K) Class: 2578K(2752K)->2578K(2752K)
[2025-12-02T00:23:47.010+0000][1.987s][info ][gc          ] GC(6) Pause Young (Normal) (G1 Evacuation Pause) 101M->18M(152M) 4.798ms
[2025-12-02T00:23:47.010+0000][1.987s][info ][gc,cpu      ] GC(6) User=0.04s Sys=0.00s Real=0.01s
[2025-12-02T00:23:47.010+0000][1.987s][info ][safepoint   ] Safepoint "G1CollectForAllocation", Time since last: 158934549 ns, Reaching safepoint: 373071 ns, Cleanup: 77487 ns, At safepoint: 5010324 ns, Total: 5460882 ns
[2025-12-02T00:23:47.099+0000][2.076s][debug][safepoint   ] Safepoint synchronization initiated using futex wait barrier. (15 threads)
[2025-12-02T00:23:47.099+0000][2.076s][info ][gc,start    ] GC(7) Pause Young (Concurrent Start) (Metadata GC Threshold)
[2025-12-02T00:23:47.100+0000][2.076s][info ][gc,task     ] GC(7) Using 4 workers of 10 for evacuation
[2025-12-02T00:23:47.105+0000][2.081s][info ][gc,phases   ] GC(7)   Pre Evacuate Collection Set: 0.1ms
[2025-12-02T00:23:47.105+0000][2.081s][info ][gc,phases   ] GC(7)   Merge Heap Roots: 0.1ms
[2025-12-02T00:23:47.105+0000][2.081s][info ][gc,phases   ] GC(7)   Evacuate Collection Set: 3.8ms
[2025-12-02T00:23:47.105+0000][2.082s][info ][gc,phases   ] GC(7)   Post Evacuate Collection Set: 0.5ms
[2025-12-02T00:23:47.105+0000][2.082s][info ][gc,phases   ] GC(7)   Other: 0.4ms
[2025-12-02T00:23:47.105+0000][2.082s][info ][gc,heap     ] GC(7) Eden regions: 43->0(84)
[2025-12-02T00:23:47.105+0000][2.082s][info ][gc,heap     ] GC(7) Survivor regions: 8->7(12)
[2025-12-02T00:23:47.105+0000][2.082s][info ][gc,heap     ] GC(7) Old regions: 11->12
[2025-12-02T00:23:47.105+0000][2.082s][info ][gc,heap     ] GC(7) Archive regions: 2->2
[2025-12-02T00:23:47.106+0000][2.082s][info ][gc,heap     ] GC(7) Humongous regions: 0->0
[2025-12-02T00:23:47.106+0000][2.082s][info ][gc,metaspace] GC(7) Metaspace: 21237K(21504K)->21237K(21504K) NonClass: 18451K(18560K)->18451K(18560K) Class: 2786K(2944K)->2786K(2944K)
[2025-12-02T00:23:47.106+0000][2.082s][info ][gc          ] GC(7) Pause Young (Concurrent Start) (Metadata GC Threshold) 61M->19M(152M) 6.286ms
[2025-12-02T00:23:47.106+0000][2.082s][info ][gc,cpu      ] GC(7) User=0.02s Sys=0.00s Real=0.00s
[2025-12-02T00:23:47.106+0000][2.083s][info ][gc          ] GC(8) Concurrent Mark Cycle
[2025-12-02T00:23:47.106+0000][2.083s][info ][safepoint   ] Safepoint "CollectForMetadataAllocation", Time since last: 88599657 ns, Reaching safepoint: 294867 ns, Cleanup: 68585 ns, At safepoint: 6580024 ns, Total: 6943476 ns
[2025-12-02T00:23:47.106+0000][2.083s][info ][gc,marking  ] GC(8) Concurrent Clear Claimed Marks
[2025-12-02T00:23:47.106+0000][2.083s][info ][gc,marking  ] GC(8) Concurrent Clear Claimed Marks 0.272ms
[2025-12-02T00:23:47.107+0000][2.083s][info ][gc,marking  ] GC(8) Concurrent Scan Root Regions
[2025-12-02T00:23:47.109+0000][2.085s][info ][gc,marking  ] GC(8) Concurrent Scan Root Regions 2.377ms
[2025-12-02T00:23:47.109+0000][2.086s][info ][gc,marking  ] GC(8) Concurrent Mark
[2025-12-02T00:23:47.109+0000][2.086s][info ][gc,marking  ] GC(8) Concurrent Mark From Roots
[2025-12-02T00:23:47.109+0000][2.086s][info ][gc,task     ] GC(8) Using 3 workers of 3 for marking
[2025-12-02T00:23:47.113+0000][2.090s][info ][gc,marking  ] GC(8) Concurrent Mark From Roots 3.828ms
[2025-12-02T00:23:47.113+0000][2.090s][info ][gc,marking  ] GC(8) Concurrent Preclean
[2025-12-02T00:23:47.113+0000][2.090s][info ][gc,marking  ] GC(8) Concurrent Preclean 0.264ms
[2025-12-02T00:23:47.114+0000][2.090s][debug][safepoint   ] Safepoint synchronization initiated using futex wait barrier. (15 threads)
[2025-12-02T00:23:47.114+0000][2.090s][info ][gc,start    ] GC(8) Pause Remark
[2025-12-02T00:23:47.116+0000][2.092s][info ][gc          ] GC(8) Pause Remark 22M->22M(80M) 1.824ms
[2025-12-02T00:23:47.116+0000][2.092s][info ][gc,cpu      ] GC(8) User=0.01s Sys=0.00s Real=0.00s
[2025-12-02T00:23:47.116+0000][2.092s][info ][safepoint   ] Safepoint "G1PauseRemark", Time since last: 7590485 ns, Reaching safepoint: 100581 ns, Cleanup: 4482 ns, At safepoint: 2060067 ns, Total: 2165130 ns
[2025-12-02T00:23:47.116+0000][2.093s][info ][gc,marking  ] GC(8) Concurrent Mark 6.866ms
[2025-12-02T00:23:47.116+0000][2.093s][info ][gc,marking  ] GC(8) Concurrent Rebuild Remembered Sets
[2025-12-02T00:23:47.119+0000][2.095s][info ][gc,marking  ] GC(8) Concurrent Rebuild Remembered Sets 2.436ms
[2025-12-02T00:23:47.119+0000][2.095s][debug][safepoint   ] Safepoint synchronization initiated using futex wait barrier. (15 threads)
[2025-12-02T00:23:47.119+0000][2.095s][info ][gc,start    ] GC(8) Pause Cleanup
[2025-12-02T00:23:47.119+0000][2.096s][info ][gc          ] GC(8) Pause Cleanup 22M->22M(80M) 0.171ms
[2025-12-02T00:23:47.119+0000][2.096s][info ][gc,cpu      ] GC(8) User=0.01s Sys=0.00s Real=0.00s
[2025-12-02T00:23:47.119+0000][2.096s][info ][safepoint   ] Safepoint "G1PauseCleanup", Time since last: 2935853 ns, Reaching safepoint: 104422 ns, Cleanup: 2246 ns, At safepoint: 393960 ns, Total: 500628 ns
[2025-12-02T00:23:47.119+0000][2.096s][info ][gc,marking  ] GC(8) Concurrent Cleanup for Next Mark
[2025-12-02T00:23:47.120+0000][2.096s][info ][gc,marking  ] GC(8) Concurrent Cleanup for Next Mark 0.441ms
[2025-12-02T00:23:47.120+0000][2.096s][info ][gc          ] GC(8) Concurrent Mark Cycle 13.918ms
[2025-12-02T00:23:47.189+0000][2.166s][debug][safepoint   ] Safepoint synchronization initiated using futex wait barrier. (15 threads)
[2025-12-02T00:23:47.190+0000][2.166s][info ][gc,start    ] GC(9) Pause Young (Prepare Mixed) (G1 Preventive Collection)
[2025-12-02T00:23:47.190+0000][2.166s][info ][gc,task     ] GC(9) Using 4 workers of 10 for evacuation
[2025-12-02T00:23:47.195+0000][2.172s][info ][gc,phases   ] GC(9)   Pre Evacuate Collection Set: 0.1ms
[2025-12-02T00:23:47.195+0000][2.172s][info ][gc,phases   ] GC(9)   Merge Heap Roots: 0.1ms
[2025-12-02T00:23:47.195+0000][2.172s][info ][gc,phases   ] GC(9)   Evacuate Collection Set: 4.3ms
[2025-12-02T00:23:47.195+0000][2.172s][info ][gc,phases   ] GC(9)   Post Evacuate Collection Set: 0.7ms
[2025-12-02T00:23:47.195+0000][2.172s][info ][gc,phases   ] GC(9)   Other: 0.3ms
[2025-12-02T00:23:47.196+0000][2.172s][info ][gc,heap     ] GC(9) Eden regions: 48->0(1)
[2025-12-02T00:23:47.196+0000][2.172s][info ][gc,heap     ] GC(9) Survivor regions: 7->9(12)
[2025-12-02T00:23:47.196+0000][2.172s][info ][gc,heap     ] GC(9) Old regions: 12->13
[2025-12-02T00:23:47.196+0000][2.172s][info ][gc,heap     ] GC(9) Archive regions: 2->2
[2025-12-02T00:23:47.196+0000][2.172s][info ][gc,heap     ] GC(9) Humongous regions: 0->0
[2025-12-02T00:23:47.196+0000][2.173s][info ][gc,metaspace] GC(9) Metaspace: 23035K(23360K)->23035K(23360K) NonClass: 19983K(20160K)->19983K(20160K) Class: 3052K(3200K)->3052K(3200K)
[2025-12-02T00:23:47.196+0000][2.173s][info ][gc          ] GC(9) Pause Young (Prepare Mixed) (G1 Preventive Collection) 67M->22M(96M) 6.553ms
[2025-12-02T00:23:47.196+0000][2.173s][info ][gc,cpu      ] GC(9) User=0.01s Sys=0.00s Real=0.00s
[2025-12-02T00:23:47.196+0000][2.173s][info ][safepoint   ] Safepoint "G1CollectForAllocation", Time since last: 69924490 ns, Reaching safepoint: 306678 ns, Cleanup: 45894 ns, At safepoint: 6781009 ns, Total: 7133581 ns
[2025-12-02T00:23:47.198+0000][2.174s][debug][safepoint   ] Safepoint synchronization initiated using futex wait barrier. (15 threads)
[2025-12-02T00:23:47.198+0000][2.174s][info ][gc,start    ] GC(10) Pause Young (Mixed) (G1 Evacuation Pause)
[2025-12-02T00:23:47.198+0000][2.175s][info ][gc,task     ] GC(10) Using 4 workers of 10 for evacuation
[2025-12-02T00:23:47.202+0000][2.179s][info ][gc,phases   ] GC(10)   Pre Evacuate Collection Set: 0.1ms
[2025-12-02T00:23:47.202+0000][2.179s][info ][gc,phases   ] GC(10)   Merge Heap Roots: 0.1ms
[2025-12-02T00:23:47.203+0000][2.179s][info ][gc,phases   ] GC(10)   Evacuate Collection Set: 3.5ms
[2025-12-02T00:23:47.203+0000][2.179s][info ][gc,phases   ] GC(10)   Post Evacuate Collection Set: 0.4ms
[2025-12-02T00:23:47.203+0000][2.179s][info ][gc,phases   ] GC(10)   Other: 0.3ms
[2025-12-02T00:23:47.203+0000][2.179s][info ][gc,heap     ] GC(10) Eden regions: 1->0(53)
[2025-12-02T00:23:47.203+0000][2.180s][info ][gc,heap     ] GC(10) Survivor regions: 9->2(2)
[2025-12-02T00:23:47.203+0000][2.180s][info ][gc,heap     ] GC(10) Old regions: 13->21
[2025-12-02T00:23:47.203+0000][2.180s][info ][gc,heap     ] GC(10) Archive regions: 2->2
[2025-12-02T00:23:47.203+0000][2.180s][info ][gc,heap     ] GC(10) Humongous regions: 0->0
[2025-12-02T00:23:47.203+0000][2.180s][info ][gc,metaspace] GC(10) Metaspace: 23040K(23360K)->23040K(23360K) NonClass: 19985K(20160K)->19985K(20160K) Class: 3054K(3200K)->3054K(3200K)
[2025-12-02T00:23:47.203+0000][2.180s][info ][gc          ] GC(10) Pause Young (Mixed) (G1 Evacuation Pause) 23M->22M(96M) 5.462ms
[2025-12-02T00:23:47.203+0000][2.180s][info ][gc,cpu      ] GC(10) User=0.02s Sys=0.00s Real=0.00s
[2025-12-02T00:23:47.204+0000][2.180s][info ][safepoint   ] Safepoint "G1CollectForAllocation", Time since last: 1415003 ns, Reaching safepoint: 130969 ns, Cleanup: 2166 ns, At safepoint: 5717047 ns, Total: 5850182 ns
[2025-12-02T00:23:47.303+0000][2.280s][debug][safepoint   ] Safepoint synchronization initiated using futex wait barrier. (15 threads)
[2025-12-02T00:23:47.304+0000][2.280s][info ][gc,start    ] GC(11) Pause Young (Normal) (G1 Evacuation Pause)
[2025-12-02T00:23:47.304+0000][2.281s][info ][gc,task     ] GC(11) Using 4 workers of 10 for evacuation
[2025-12-02T00:23:47.306+0000][2.283s][info ][gc,phases   ] GC(11)   Pre Evacuate Collection Set: 0.1ms
[2025-12-02T00:23:47.306+0000][2.283s][info ][gc,phases   ] GC(11)   Merge Heap Roots: 0.1ms
[2025-12-02T00:23:47.307+0000][2.283s][info ][gc,phases   ] GC(11)   Evacuate Collection Set: 1.5ms
[2025-12-02T00:23:47.307+0000][2.283s][info ][gc,phases   ] GC(11)   Post Evacuate Collection Set: 0.6ms
[2025-12-02T00:23:47.307+0000][2.283s][info ][gc,phases   ] GC(11)   Other: 0.3ms
[2025-12-02T00:23:47.307+0000][2.284s][info ][gc,heap     ] GC(11) Eden regions: 53->0(52)
[2025-12-02T00:23:47.307+0000][2.284s][info ][gc,heap     ] GC(11) Survivor regions: 2->3(7)
[2025-12-02T00:23:47.307+0000][2.284s][info ][gc,heap     ] GC(11) Old regions: 21->21
[2025-12-02T00:23:47.307+0000][2.284s][info ][gc,heap     ] GC(11) Archive regions: 2->2
[2025-12-02T00:23:47.307+0000][2.284s][info ][gc,heap     ] GC(11) Humongous regions: 0->0
[2025-12-02T00:23:47.307+0000][2.284s][info ][gc,metaspace] GC(11) Metaspace: 24441K(24832K)->24441K(24832K) NonClass: 21243K(21440K)->21243K(21440K) Class: 3198K(3392K)->3198K(3392K)
[2025-12-02T00:23:47.307+0000][2.284s][info ][gc          ] GC(11) Pause Young (Normal) (G1 Evacuation Pause) 75M->23M(96M) 3.627ms
[2025-12-02T00:23:47.308+0000][2.284s][info ][gc,cpu      ] GC(11) User=0.03s Sys=0.01s Real=0.01s
[2025-12-02T00:23:47.308+0000][2.284s][info ][safepoint   ] Safepoint "G1CollectForAllocation", Time since last: 99645341 ns, Reaching safepoint: 550828 ns, Cleanup: 67603 ns, At safepoint: 3854535 ns, Total: 4472966 ns
[2025-12-02T00:23:47.447+0000][2.424s][debug][safepoint   ] Safepoint synchronization initiated using futex wait barrier. (14 threads)
[2025-12-02T00:23:47.448+0000][2.424s][info ][gc,start    ] GC(12) Pause Young (Normal) (G1 Evacuation Pause)
[2025-12-02T00:23:47.448+0000][2.424s][info ][gc,task     ] GC(12) Using 3 workers of 10 for evacuation
[2025-12-02T00:23:47.451+0000][2.427s][info ][gc,phases   ] GC(12)   Pre Evacuate Collection Set: 0.1ms
[2025-12-02T00:23:47.451+0000][2.427s][info ][gc,phases   ] GC(12)   Merge Heap Roots: 0.1ms
[2025-12-02T00:23:47.451+0000][2.428s][info ][gc,phases   ] GC(12)   Evacuate Collection Set: 2.2ms
[2025-12-02T00:23:47.451+0000][2.428s][info ][gc,phases   ] GC(12)   Post Evacuate Collection Set: 0.4ms
[2025-12-02T00:23:47.451+0000][2.428s][info ][gc,phases   ] GC(12)   Other: 0.3ms
[2025-12-02T00:23:47.451+0000][2.428s][info ][gc,heap     ] GC(12) Eden regions: 52->0(50)
[2025-12-02T00:23:47.451+0000][2.428s][info ][gc,heap     ] GC(12) Survivor regions: 3->5(7)
[2025-12-02T00:23:47.451+0000][2.428s][info ][gc,heap     ] GC(12) Old regions: 21->21
[2025-12-02T00:23:47.451+0000][2.428s][info ][gc,heap     ] GC(12) Archive regions: 2->2
[2025-12-02T00:23:47.452+0000][2.428s][info ][gc,heap     ] GC(12) Humongous regions: 0->0
[2025-12-02T00:23:47.452+0000][2.428s][info ][gc,metaspace] GC(12) Metaspace: 25005K(25280K)->25005K(25280K) NonClass: 21738K(21888K)->21738K(21888K) Class: 3266K(3392K)->3266K(3392K)
[2025-12-02T00:23:47.452+0000][2.428s][info ][gc          ] GC(12) Pause Young (Normal) (G1 Evacuation Pause) 75M->26M(96M) 3.973ms
[2025-12-02T00:23:47.452+0000][2.428s][info ][gc,cpu      ] GC(12) User=0.02s Sys=0.00s Real=0.00s
[2025-12-02T00:23:47.452+0000][2.428s][info ][safepoint   ] Safepoint "G1CollectForAllocation", Time since last: 139768855 ns, Reaching safepoint: 245995 ns, Cleanup: 35877 ns, At safepoint: 4186722 ns, Total: 4468594 ns
[2025-12-02T00:23:47.544+0000][2.521s][debug][safepoint   ] Safepoint synchronization initiated using futex wait barrier. (15 threads)
[2025-12-02T00:23:47.545+0000][2.521s][info ][gc,start    ] GC(13) Pause Young (Normal) (G1 Evacuation Pause)
[2025-12-02T00:23:47.545+0000][2.521s][info ][gc,task     ] GC(13) Using 4 workers of 10 for evacuation
[2025-12-02T00:23:47.549+0000][2.526s][info ][gc,phases   ] GC(13)   Pre Evacuate Collection Set: 0.1ms
[2025-12-02T00:23:47.549+0000][2.526s][info ][gc,phases   ] GC(13)   Merge Heap Roots: 0.1ms
[2025-12-02T00:23:47.549+0000][2.526s][info ][gc,phases   ] GC(13)   Evacuate Collection Set: 2.8ms
[2025-12-02T00:23:47.550+0000][2.526s][info ][gc,phases   ] GC(13)   Post Evacuate Collection Set: 1.4ms
[2025-12-02T00:23:47.550+0000][2.526s][info ][gc,phases   ] GC(13)   Other: 0.3ms
[2025-12-02T00:23:47.550+0000][2.526s][info ][gc,heap     ] GC(13) Eden regions: 50->0(126)
[2025-12-02T00:23:47.550+0000][2.526s][info ][gc,heap     ] GC(13) Survivor regions: 5->5(7)
[2025-12-02T00:23:47.550+0000][2.527s][info ][gc,heap     ] GC(13) Old regions: 21->23
[2025-12-02T00:23:47.550+0000][2.527s][info ][gc,heap     ] GC(13) Archive regions: 2->2
[2025-12-02T00:23:47.550+0000][2.527s][info ][gc,heap     ] GC(13) Humongous regions: 0->0
[2025-12-02T00:23:47.550+0000][2.527s][info ][gc,metaspace] GC(13) Metaspace: 25737K(26112K)->25737K(26112K) NonClass: 22422K(22656K)->22422K(22656K) Class: 3315K(3456K)->3315K(3456K)
[2025-12-02T00:23:47.550+0000][2.527s][info ][gc          ] GC(13) Pause Young (Normal) (G1 Evacuation Pause) 76M->27M(219M) 5.769ms
[2025-12-02T00:23:47.550+0000][2.527s][info ][gc,cpu      ] GC(13) User=0.04s Sys=0.00s Real=0.01s
[2025-12-02T00:23:47.551+0000][2.527s][info ][safepoint   ] Safepoint "G1CollectForAllocation", Time since last: 92352246 ns, Reaching safepoint: 211742 ns, Cleanup: 42305 ns, At safepoint: 6055261 ns, Total: 6309308 ns
[2025-12-02T00:23:47.715+0000][2.692s][debug][safepoint   ] ... found polling page loop exception at pc = 0x00007fe4bd1814fb, stub =0x00007fe4bcadb400
[2025-12-02T00:23:47.723+0000][2.700s][debug][safepoint   ] Safepoint synchronization initiated using futex wait barrier. (15 threads)
[2025-12-02T00:23:47.724+0000][2.700s][info ][gc,start    ] GC(14) Pause Young (Normal) (G1 Evacuation Pause)
[2025-12-02T00:23:47.724+0000][2.700s][info ][gc,task     ] GC(14) Using 5 workers of 10 for evacuation
[2025-12-02T00:23:47.727+0000][2.704s][info ][gc,phases   ] GC(14)   Pre Evacuate Collection Set: 0.1ms
[2025-12-02T00:23:47.727+0000][2.704s][info ][gc,phases   ] GC(14)   Merge Heap Roots: 0.1ms
[2025-12-02T00:23:47.727+0000][2.704s][info ][gc,phases   ] GC(14)   Evacuate Collection Set: 2.1ms
[2025-12-02T00:23:47.727+0000][2.704s][info ][gc,phases   ] GC(14)   Post Evacuate Collection Set: 0.5ms
[2025-12-02T00:23:47.728+0000][2.704s][info ][gc,phases   ] GC(14)   Other: 0.3ms
[2025-12-02T00:23:47.728+0000][2.704s][info ][gc,heap     ] GC(14) Eden regions: 126->0(126)
[2025-12-02T00:23:47.728+0000][2.704s][info ][gc,heap     ] GC(14) Survivor regions: 5->5(17)
[2025-12-02T00:23:47.728+0000][2.704s][info ][gc,heap     ] GC(14) Old regions: 23->23
[2025-12-02T00:23:47.728+0000][2.704s][info ][gc,heap     ] GC(14) Archive regions: 2->2
[2025-12-02T00:23:47.728+0000][2.705s][info ][gc,heap     ] GC(14) Humongous regions: 0->0
[2025-12-02T00:23:47.728+0000][2.705s][info ][gc,metaspace] GC(14) Metaspace: 26697K(27008K)->26697K(27008K) NonClass: 23303K(23488K)->23303K(23488K) Class: 3394K(3520K)->3394K(3520K)
[2025-12-02T00:23:47.728+0000][2.705s][info ][gc          ] GC(14) Pause Young (Normal) (G1 Evacuation Pause) 153M->28M(219M) 4.421ms
[2025-12-02T00:23:47.728+0000][2.705s][info ][gc,cpu      ] GC(14) User=0.01s Sys=0.00s Real=0.01s
[2025-12-02T00:23:47.728+0000][2.705s][info ][safepoint   ] Safepoint "G1CollectForAllocation", Time since last: 172880659 ns, Reaching safepoint: 265341 ns, Cleanup: 54628 ns, At safepoint: 4671742 ns, Total: 4991711 ns
[2025-12-02T00:23:47.999+0000][2.975s][debug][safepoint   ] Safepoint synchronization initiated using futex wait barrier. (14 threads)
[2025-12-02T00:23:47.999+0000][2.976s][info ][safepoint   ] Safepoint "ICBufferFull", Time since last: 270410640 ns, Reaching safepoint: 315507 ns, Cleanup: 127846 ns, At safepoint: 16214 ns, Total: 459567 ns
[2025-12-02T00:23:48.006+0000][2.983s][debug][safepoint   ] Safepoint synchronization initiated using futex wait barrier. (14 threads)
[2025-12-02T00:23:48.007+0000][2.983s][info ][gc,start    ] GC(15) Pause Young (Normal) (G1 Evacuation Pause)
[2025-12-02T00:23:48.007+0000][2.983s][info ][gc,task     ] GC(15) Using 5 workers of 10 for evacuation
[2025-12-02T00:23:48.011+0000][2.987s][info ][gc,phases   ] GC(15)   Pre Evacuate Collection Set: 0.1ms
[2025-12-02T00:23:48.011+0000][2.987s][info ][gc,phases   ] GC(15)   Merge Heap Roots: 0.1ms
[2025-12-02T00:23:48.011+0000][2.987s][info ][gc,phases   ] GC(15)   Evacuate Collection Set: 3.2ms
[2025-12-02T00:23:48.011+0000][2.988s][info ][gc,phases   ] GC(15)   Post Evacuate Collection Set: 0.6ms
[2025-12-02T00:23:48.011+0000][2.988s][info ][gc,phases   ] GC(15)   Other: 0.3ms
[2025-12-02T00:23:48.011+0000][2.988s][info ][gc,heap     ] GC(15) Eden regions: 126->0(124)
[2025-12-02T00:23:48.011+0000][2.988s][info ][gc,heap     ] GC(15) Survivor regions: 5->7(17)
[2025-12-02T00:23:48.011+0000][2.988s][info ][gc,heap     ] GC(15) Old regions: 23->23
[2025-12-02T00:23:48.011+0000][2.988s][info ][gc,heap     ] GC(15) Archive regions: 2->2
[2025-12-02T00:23:48.012+0000][2.988s][info ][gc,heap     ] GC(15) Humongous regions: 0->0
[2025-12-02T00:23:48.012+0000][2.988s][info ][gc,metaspace] GC(15) Metaspace: 29855K(30144K)->29855K(30144K) NonClass: 26099K(26240K)->26099K(26240K) Class: 3756K(3904K)->3756K(3904K)
[2025-12-02T00:23:48.012+0000][2.988s][info ][gc          ] GC(15) Pause Young (Normal) (G1 Evacuation Pause) 154M->29M(219M) 5.275ms
[2025-12-02T00:23:48.012+0000][2.988s][info ][gc,cpu      ] GC(15) User=0.01s Sys=0.00s Real=0.01s
[2025-12-02T00:23:48.012+0000][2.989s][info ][safepoint   ] Safepoint "G1CollectForAllocation", Time since last: 7041812 ns, Reaching safepoint: 146893 ns, Cleanup: 11611 ns, At safepoint: 5516034 ns, Total: 5674538 ns
[2025-12-02T00:23:48.283+0000][3.260s][debug][safepoint   ] Safepoint synchronization initiated using futex wait barrier. (14 threads)
[2025-12-02T00:23:48.284+0000][3.260s][info ][safepoint   ] Safepoint "ICBufferFull", Time since last: 271229054 ns, Reaching safepoint: 304140 ns, Cleanup: 121582 ns, At safepoint: 9827 ns, Total: 435549 ns
[2025-12-02T00:23:48.318+0000][3.295s][debug][safepoint   ] Safepoint synchronization initiated using futex wait barrier. (14 threads)
[2025-12-02T00:23:48.318+0000][3.295s][info ][gc,start    ] GC(16) Pause Young (Normal) (G1 Evacuation Pause)
[2025-12-02T00:23:48.318+0000][3.295s][info ][gc,task     ] GC(16) Using 5 workers of 10 for evacuation
[2025-12-02T00:23:48.323+0000][3.300s][info ][gc,phases   ] GC(16)   Pre Evacuate Collection Set: 0.1ms
[2025-12-02T00:23:48.323+0000][3.300s][info ][gc,phases   ] GC(16)   Merge Heap Roots: 0.1ms
[2025-12-02T00:23:48.323+0000][3.300s][info ][gc,phases   ] GC(16)   Evacuate Collection Set: 3.7ms
[2025-12-02T00:23:48.323+0000][3.300s][info ][gc,phases   ] GC(16)   Post Evacuate Collection Set: 0.6ms
[2025-12-02T00:23:48.324+0000][3.300s][info ][gc,phases   ] GC(16)   Other: 0.3ms
[2025-12-02T00:23:48.324+0000][3.300s][info ][gc,heap     ] GC(16) Eden regions: 124->0(124)
[2025-12-02T00:23:48.324+0000][3.300s][info ][gc,heap     ] GC(16) Survivor regions: 7->7(17)
[2025-12-02T00:23:48.324+0000][3.300s][info ][gc,heap     ] GC(16) Old regions: 23->23
[2025-12-02T00:23:48.324+0000][3.300s][info ][gc,heap     ] GC(16) Archive regions: 2->2
[2025-12-02T00:23:48.324+0000][3.300s][info ][gc,heap     ] GC(16) Humongous regions: 0->0
[2025-12-02T00:23:48.324+0000][3.301s][info ][gc,metaspace] GC(16) Metaspace: 31165K(31552K)->31165K(31552K) NonClass: 27226K(27456K)->27226K(27456K) Class: 3939K(4096K)->3939K(4096K)
[2025-12-02T00:23:48.324+0000][3.301s][info ][gc          ] GC(16) Pause Young (Normal) (G1 Evacuation Pause) 153M->30M(219M) 5.901ms
[2025-12-02T00:23:48.324+0000][3.301s][info ][gc,cpu      ] GC(16) User=0.03s Sys=0.00s Real=0.00s
[2025-12-02T00:23:48.324+0000][3.301s][info ][safepoint   ] Safepoint "G1CollectForAllocation", Time since last: 34325833 ns, Reaching safepoint: 266688 ns, Cleanup: 19092 ns, At safepoint: 6124126 ns, Total: 6409906 ns
[2025-12-02T00:23:48.651+0000][3.628s][debug][safepoint   ] Safepoint synchronization initiated using futex wait barrier. (14 threads)
[2025-12-02T00:23:48.651+0000][3.628s][info ][gc,start    ] GC(17) Pause Young (Normal) (G1 Evacuation Pause)
[2025-12-02T00:23:48.651+0000][3.628s][info ][gc,task     ] GC(17) Using 5 workers of 10 for evacuation
[2025-12-02T00:23:48.655+0000][3.631s][info ][gc,phases   ] GC(17)   Pre Evacuate Collection Set: 0.1ms
[2025-12-02T00:23:48.655+0000][3.632s][info ][gc,phases   ] GC(17)   Merge Heap Roots: 0.1ms
[2025-12-02T00:23:48.655+0000][3.632s][info ][gc,phases   ] GC(17)   Evacuate Collection Set: 2.5ms
[2025-12-02T00:23:48.655+0000][3.632s][info ][gc,phases   ] GC(17)   Post Evacuate Collection Set: 0.6ms
[2025-12-02T00:23:48.655+0000][3.632s][info ][gc,phases   ] GC(17)   Other: 0.2ms
[2025-12-02T00:23:48.655+0000][3.632s][info ][gc,heap     ] GC(17) Eden regions: 124->0(123)
[2025-12-02T00:23:48.655+0000][3.632s][info ][gc,heap     ] GC(17) Survivor regions: 7->8(17)
[2025-12-02T00:23:48.655+0000][3.632s][info ][gc,heap     ] GC(17) Old regions: 23->23
[2025-12-02T00:23:48.655+0000][3.632s][info ][gc,heap     ] GC(17) Archive regions: 2->2
[2025-12-02T00:23:48.656+0000][3.632s][info ][gc,heap     ] GC(17) Humongous regions: 0->0
[2025-12-02T00:23:48.656+0000][3.632s][info ][gc,metaspace] GC(17) Metaspace: 34174K(34560K)->34174K(34560K) NonClass: 29772K(29952K)->29772K(29952K) Class: 4401K(4608K)->4401K(4608K)
[2025-12-02T00:23:48.656+0000][3.632s][info ][gc          ] GC(17) Pause Young (Normal) (G1 Evacuation Pause) 154M->31M(219M) 4.335ms
[2025-12-02T00:23:48.656+0000][3.632s][info ][gc,cpu      ] GC(17) User=0.02s Sys=0.00s Real=0.00s
[2025-12-02T00:23:48.656+0000][3.633s][info ][safepoint   ] Safepoint "G1CollectForAllocation", Time since last: 326612082 ns, Reaching safepoint: 200538 ns, Cleanup: 90497 ns, At safepoint: 4651807 ns, Total: 4942842 ns
[2025-12-02T00:23:48.867+0000][3.844s][debug][safepoint   ] Safepoint synchronization initiated using futex wait barrier. (14 threads)
[2025-12-02T00:23:48.868+0000][3.844s][info ][gc,start    ] GC(18) Pause Young (Concurrent Start) (Metadata GC Threshold)
[2025-12-02T00:23:48.868+0000][3.844s][info ][gc,task     ] GC(18) Using 5 workers of 10 for evacuation
[2025-12-02T00:23:48.872+0000][3.848s][info ][gc,phases   ] GC(18)   Pre Evacuate Collection Set: 0.1ms
[2025-12-02T00:23:48.872+0000][3.848s][info ][gc,phases   ] GC(18)   Merge Heap Roots: 0.1ms
[2025-12-02T00:23:48.872+0000][3.848s][info ][gc,phases   ] GC(18)   Evacuate Collection Set: 3.1ms
[2025-12-02T00:23:48.872+0000][3.849s][info ][gc,phases   ] GC(18)   Post Evacuate Collection Set: 0.6ms
[2025-12-02T00:23:48.872+0000][3.849s][info ][gc,phases   ] GC(18)   Other: 0.3ms
[2025-12-02T00:23:48.872+0000][3.849s][info ][gc,heap     ] GC(18) Eden regions: 73->0(121)
[2025-12-02T00:23:48.872+0000][3.849s][info ][gc,heap     ] GC(18) Survivor regions: 8->10(17)
[2025-12-02T00:23:48.872+0000][3.849s][info ][gc,heap     ] GC(18) Old regions: 23->23
[2025-12-02T00:23:48.872+0000][3.849s][info ][gc,heap     ] GC(18) Archive regions: 2->2
[2025-12-02T00:23:48.872+0000][3.849s][info ][gc,heap     ] GC(18) Humongous regions: 0->0
[2025-12-02T00:23:48.872+0000][3.849s][info ][gc,metaspace] GC(18) Metaspace: 35739K(36160K)->35739K(36160K) NonClass: 31171K(31360K)->31171K(31360K) Class: 4567K(4800K)->4567K(4800K)
[2025-12-02T00:23:48.873+0000][3.849s][info ][gc          ] GC(18) Pause Young (Concurrent Start) (Metadata GC Threshold) 104M->33M(219M) 4.981ms
[2025-12-02T00:23:48.873+0000][3.849s][info ][gc,cpu      ] GC(18) User=0.01s Sys=0.00s Real=0.00s
[2025-12-02T00:23:48.873+0000][3.849s][info ][gc          ] GC(19) Concurrent Mark Cycle
[2025-12-02T00:23:48.873+0000][3.849s][info ][safepoint   ] Safepoint "CollectForMetadataAllocation", Time since last: 211234912 ns, Reaching safepoint: 226759 ns, Cleanup: 127358 ns, At safepoint: 5222721 ns, Total: 5576838 ns
[2025-12-02T00:23:48.873+0000][3.849s][info ][gc,marking  ] GC(19) Concurrent Clear Claimed Marks
[2025-12-02T00:23:48.873+0000][3.850s][info ][gc,marking  ] GC(19) Concurrent Clear Claimed Marks 0.245ms
[2025-12-02T00:23:48.873+0000][3.850s][info ][gc,marking  ] GC(19) Concurrent Scan Root Regions
[2025-12-02T00:23:48.875+0000][3.852s][info ][gc,marking  ] GC(19) Concurrent Scan Root Regions 2.022ms
[2025-12-02T00:23:48.875+0000][3.852s][info ][gc,marking  ] GC(19) Concurrent Mark
[2025-12-02T00:23:48.876+0000][3.852s][info ][gc,marking  ] GC(19) Concurrent Mark From Roots
[2025-12-02T00:23:48.876+0000][3.852s][info ][gc,task     ] GC(19) Using 3 workers of 3 for marking
[2025-12-02T00:23:48.885+0000][3.862s][info ][gc,marking  ] GC(19) Concurrent Mark From Roots 9.879ms
[2025-12-02T00:23:48.886+0000][3.862s][info ][gc,marking  ] GC(19) Concurrent Preclean
[2025-12-02T00:23:48.886+0000][3.863s][info ][gc,marking  ] GC(19) Concurrent Preclean 0.411ms
[2025-12-02T00:23:48.886+0000][3.863s][debug][safepoint   ] Safepoint synchronization initiated using futex wait barrier. (14 threads)
[2025-12-02T00:23:48.886+0000][3.863s][info ][gc,start    ] GC(19) Pause Remark
[2025-12-02T00:23:48.889+0000][3.865s][info ][gc          ] GC(19) Pause Remark 36M->36M(130M) 2.279ms
[2025-12-02T00:23:48.889+0000][3.865s][info ][gc,cpu      ] GC(19) User=0.02s Sys=0.01s Real=0.01s
[2025-12-02T00:23:48.889+0000][3.866s][info ][safepoint   ] Safepoint "G1PauseRemark", Time since last: 13459312 ns, Reaching safepoint: 204909 ns, Cleanup: 6909 ns, At safepoint: 2524907 ns, Total: 2736725 ns
[2025-12-02T00:23:48.889+0000][3.866s][info ][gc,marking  ] GC(19) Concurrent Mark 13.724ms
[2025-12-02T00:23:48.889+0000][3.866s][info ][gc,marking  ] GC(19) Concurrent Rebuild Remembered Sets
[2025-12-02T00:23:48.894+0000][3.871s][info ][gc,marking  ] GC(19) Concurrent Rebuild Remembered Sets 5.159ms
[2025-12-02T00:23:48.895+0000][3.871s][debug][safepoint   ] Safepoint synchronization initiated using futex wait barrier. (14 threads)
[2025-12-02T00:23:48.895+0000][3.871s][info ][gc,start    ] GC(19) Pause Cleanup
[2025-12-02T00:23:48.895+0000][3.872s][info ][gc          ] GC(19) Pause Cleanup 37M->37M(130M) 0.197ms
[2025-12-02T00:23:48.895+0000][3.872s][info ][gc,cpu      ] GC(19) User=0.01s Sys=0.00s Real=0.00s
[2025-12-02T00:23:48.895+0000][3.872s][info ][safepoint   ] Safepoint "G1PauseCleanup", Time since last: 5764574 ns, Reaching safepoint: 135375 ns, Cleanup: 7210 ns, At safepoint: 390531 ns, Total: 533116 ns
[2025-12-02T00:23:48.895+0000][3.872s][info ][gc,marking  ] GC(19) Concurrent Cleanup for Next Mark
[2025-12-02T00:23:48.897+0000][3.873s][info ][gc,marking  ] GC(19) Concurrent Cleanup for Next Mark 1.148ms
[2025-12-02T00:23:48.897+0000][3.873s][info ][gc          ] GC(19) Concurrent Mark Cycle 24.007ms
[2025-12-02T00:23:49.109+0000][4.085s][debug][safepoint   ] Safepoint synchronization initiated using futex wait barrier. (14 threads)
[2025-12-02T00:23:49.109+0000][4.086s][info ][gc,start    ] GC(20) Pause Young (Normal) (G1 Preventive Collection)
[2025-12-02T00:23:49.109+0000][4.086s][info ][gc,task     ] GC(20) Using 4 workers of 10 for evacuation
[2025-12-02T00:23:49.114+0000][4.090s][info ][gc,phases   ] GC(20)   Pre Evacuate Collection Set: 0.1ms
[2025-12-02T00:23:49.114+0000][4.090s][info ][gc,phases   ] GC(20)   Merge Heap Roots: 0.1ms
[2025-12-02T00:23:49.114+0000][4.090s][info ][gc,phases   ] GC(20)   Evacuate Collection Set: 3.6ms
[2025-12-02T00:23:49.114+0000][4.090s][info ][gc,phases   ] GC(20)   Post Evacuate Collection Set: 0.5ms
[2025-12-02T00:23:49.114+0000][4.091s][info ][gc,phases   ] GC(20)   Other: 0.3ms
[2025-12-02T00:23:49.114+0000][4.091s][info ][gc,heap     ] GC(20) Eden regions: 82->0(69)
[2025-12-02T00:23:49.114+0000][4.091s][info ][gc,heap     ] GC(20) Survivor regions: 10->9(17)
[2025-12-02T00:23:49.114+0000][4.091s][info ][gc,heap     ] GC(20) Old regions: 23->25
[2025-12-02T00:23:49.114+0000][4.091s][info ][gc,heap     ] GC(20) Archive regions: 2->2
[2025-12-02T00:23:49.114+0000][4.091s][info ][gc,heap     ] GC(20) Humongous regions: 0->0
[2025-12-02T00:23:49.114+0000][4.091s][info ][gc,metaspace] GC(20) Metaspace: 37047K(37504K)->37047K(37504K) NonClass: 32295K(32512K)->32295K(32512K) Class: 4752K(4992K)->4752K(4992K)
[2025-12-02T00:23:49.114+0000][4.091s][info ][gc          ] GC(20) Pause Young (Normal) (G1 Preventive Collection) 115M->33M(130M) 5.409ms
[2025-12-02T00:23:49.115+0000][4.091s][info ][gc,cpu      ] GC(20) User=0.02s Sys=0.01s Real=0.00s
[2025-12-02T00:23:49.115+0000][4.091s][info ][safepoint   ] Safepoint "G1CollectForAllocation", Time since last: 213410157 ns, Reaching safepoint: 252876 ns, Cleanup: 48373 ns, At safepoint: 5624266 ns, Total: 5925515 ns
[2025-12-02T00:23:49.300+0000][4.277s][debug][safepoint   ] Safepoint synchronization initiated using futex wait barrier. (14 threads)
[2025-12-02T00:23:49.301+0000][4.277s][info ][gc,start    ] GC(21) Pause Young (Normal) (G1 Evacuation Pause)
[2025-12-02T00:23:49.301+0000][4.277s][info ][gc,task     ] GC(21) Using 3 workers of 10 for evacuation
[2025-12-02T00:23:49.305+0000][4.282s][info ][gc,phases   ] GC(21)   Pre Evacuate Collection Set: 0.1ms
[2025-12-02T00:23:49.305+0000][4.282s][info ][gc,phases   ] GC(21)   Merge Heap Roots: 0.1ms
[2025-12-02T00:23:49.306+0000][4.282s][info ][gc,phases   ] GC(21)   Evacuate Collection Set: 3.9ms
[2025-12-02T00:23:49.306+0000][4.282s][info ][gc,phases   ] GC(21)   Post Evacuate Collection Set: 0.5ms
[2025-12-02T00:23:49.306+0000][4.282s][info ][gc,phases   ] GC(21)   Other: 0.3ms
[2025-12-02T00:23:49.306+0000][4.282s][info ][gc,heap     ] GC(21) Eden regions: 69->0(72)
[2025-12-02T00:23:49.306+0000][4.282s][info ][gc,heap     ] GC(21) Survivor regions: 9->6(10)
[2025-12-02T00:23:49.306+0000][4.283s][info ][gc,heap     ] GC(21) Old regions: 25->28
[2025-12-02T00:23:49.306+0000][4.283s][info ][gc,heap     ] GC(21) Archive regions: 2->2
[2025-12-02T00:23:49.306+0000][4.283s][info ][gc,heap     ] GC(21) Humongous regions: 0->0
[2025-12-02T00:23:49.306+0000][4.283s][info ][gc,metaspace] GC(21) Metaspace: 38114K(38528K)->38114K(38528K) NonClass: 33196K(33408K)->33196K(33408K) Class: 4917K(5120K)->4917K(5120K)
[2025-12-02T00:23:49.306+0000][4.283s][info ][gc          ] GC(21) Pause Young (Normal) (G1 Evacuation Pause) 102M->34M(130M) 5.684ms
[2025-12-02T00:23:49.306+0000][4.283s][info ][gc,cpu      ] GC(21) User=0.01s Sys=0.00s Real=0.00s
[2025-12-02T00:23:49.306+0000][4.283s][info ][safepoint   ] Safepoint "G1CollectForAllocation", Time since last: 185632887 ns, Reaching safepoint: 200392 ns, Cleanup: 67907 ns, At safepoint: 5921855 ns, Total: 6190154 ns
[2025-12-02T00:23:49.544+0000][4.520s][debug][safepoint   ] Safepoint synchronization initiated using futex wait barrier. (14 threads)
[2025-12-02T00:23:49.544+0000][4.521s][info ][gc,start    ] GC(22) Pause Young (Normal) (G1 Evacuation Pause)
[2025-12-02T00:23:49.544+0000][4.521s][info ][gc,task     ] GC(22) Using 3 workers of 10 for evacuation
[2025-12-02T00:23:49.548+0000][4.525s][info ][gc,phases   ] GC(22)   Pre Evacuate Collection Set: 0.1ms
[2025-12-02T00:23:49.549+0000][4.525s][info ][gc,phases   ] GC(22)   Merge Heap Roots: 0.1ms
[2025-12-02T00:23:49.549+0000][4.525s][info ][gc,phases   ] GC(22)   Evacuate Collection Set: 3.6ms
[2025-12-02T00:23:49.549+0000][4.525s][info ][gc,phases   ] GC(22)   Post Evacuate Collection Set: 0.5ms
[2025-12-02T00:23:49.549+0000][4.525s][info ][gc,phases   ] GC(22)   Other: 0.2ms
[2025-12-02T00:23:49.549+0000][4.525s][info ][gc,heap     ] GC(22) Eden regions: 72->0(72)
[2025-12-02T00:23:49.549+0000][4.526s][info ][gc,heap     ] GC(22) Survivor regions: 6->6(10)
[2025-12-02T00:23:49.549+0000][4.526s][info ][gc,heap     ] GC(22) Old regions: 28->28
[2025-12-02T00:23:49.549+0000][4.526s][info ][gc,heap     ] GC(22) Archive regions: 2->2
[2025-12-02T00:23:49.549+0000][4.526s][info ][gc,heap     ] GC(22) Humongous regions: 0->0
[2025-12-02T00:23:49.549+0000][4.526s][info ][gc,metaspace] GC(22) Metaspace: 40356K(40768K)->40356K(40768K) NonClass: 35108K(35328K)->35108K(35328K) Class: 5247K(5440K)->5247K(5440K)
[2025-12-02T00:23:49.549+0000][4.526s][info ][gc          ] GC(22) Pause Young (Normal) (G1 Evacuation Pause) 106M->34M(130M) 5.393ms
[2025-12-02T00:23:49.549+0000][4.526s][info ][gc,cpu      ] GC(22) User=0.01s Sys=0.00s Real=0.01s
[2025-12-02T00:23:49.550+0000][4.526s][info ][safepoint   ] Safepoint "G1CollectForAllocation", Time since last: 237201148 ns, Reaching safepoint: 215012 ns, Cleanup: 103625 ns, At safepoint: 5609541 ns, Total: 5928178 ns
[2025-12-02T00:23:49.814+0000][4.790s][debug][safepoint   ] Safepoint synchronization initiated using futex wait barrier. (14 threads)
[2025-12-02T00:23:49.814+0000][4.791s][info ][gc,start    ] GC(23) Pause Young (Normal) (G1 Evacuation Pause)
[2025-12-02T00:23:49.814+0000][4.791s][info ][gc,task     ] GC(23) Using 3 workers of 10 for evacuation
[2025-12-02T00:23:49.820+0000][4.796s][info ][gc,phases   ] GC(23)   Pre Evacuate Collection Set: 0.1ms
[2025-12-02T00:23:49.820+0000][4.796s][info ][gc,phases   ] GC(23)   Merge Heap Roots: 0.1ms
[2025-12-02T00:23:49.820+0000][4.796s][info ][gc,phases   ] GC(23)   Evacuate Collection Set: 4.4ms
[2025-12-02T00:23:49.820+0000][4.796s][info ][gc,phases   ] GC(23)   Post Evacuate Collection Set: 0.8ms
[2025-12-02T00:23:49.820+0000][4.797s][info ][gc,phases   ] GC(23)   Other: 0.3ms
[2025-12-02T00:23:49.820+0000][4.797s][info ][gc,heap     ] GC(23) Eden regions: 72->0(87)
[2025-12-02T00:23:49.820+0000][4.797s][info ][gc,heap     ] GC(23) Survivor regions: 6->7(10)
[2025-12-02T00:23:49.820+0000][4.797s][info ][gc,heap     ] GC(23) Old regions: 28->30
[2025-12-02T00:23:49.820+0000][4.797s][info ][gc,heap     ] GC(23) Archive regions: 2->2
[2025-12-02T00:23:49.820+0000][4.797s][info ][gc,heap     ] GC(23) Humongous regions: 0->0
[2025-12-02T00:23:49.820+0000][4.797s][info ][gc,metaspace] GC(23) Metaspace: 42848K(43264K)->42848K(43264K) NonClass: 37269K(37504K)->37269K(37504K) Class: 5579K(5760K)->5579K(5760K)
[2025-12-02T00:23:49.820+0000][4.797s][info ][gc          ] GC(23) Pause Young (Normal) (G1 Evacuation Pause) 106M->36M(158M) 6.519ms
[2025-12-02T00:23:49.821+0000][4.797s][info ][gc,cpu      ] GC(23) User=0.03s Sys=0.00s Real=0.01s
[2025-12-02T00:23:49.821+0000][4.797s][info ][safepoint   ] Safepoint "G1CollectForAllocation", Time since last: 263970984 ns, Reaching safepoint: 260778 ns, Cleanup: 113512 ns, At safepoint: 6716640 ns, Total: 7090930 ns
[2025-12-02T00:23:50.154+0000][5.130s][debug][safepoint   ] Safepoint synchronization initiated using futex wait barrier. (14 threads)
[2025-12-02T00:23:50.154+0000][5.131s][info ][safepoint   ] Safepoint "ICBufferFull", Time since last: 333165654 ns, Reaching safepoint: 248840 ns, Cleanup: 151731 ns, At safepoint: 11141 ns, Total: 411712 ns
[2025-12-02T00:23:50.170+0000][5.147s][debug][safepoint   ] Safepoint synchronization initiated using futex wait barrier. (14 threads)
[2025-12-02T00:23:50.171+0000][5.147s][info ][gc,start    ] GC(24) Pause Young (Normal) (G1 Evacuation Pause)
[2025-12-02T00:23:50.171+0000][5.147s][info ][gc,task     ] GC(24) Using 3 workers of 10 for evacuation
[2025-12-02T00:23:50.176+0000][5.153s][info ][gc,phases   ] GC(24)   Pre Evacuate Collection Set: 0.1ms
[2025-12-02T00:23:50.177+0000][5.153s][info ][gc,phases   ] GC(24)   Merge Heap Roots: 0.1ms
[2025-12-02T00:23:50.177+0000][5.153s][info ][gc,phases   ] GC(24)   Evacuate Collection Set: 4.7ms
[2025-12-02T00:23:50.177+0000][5.153s][info ][gc,phases   ] GC(24)   Post Evacuate Collection Set: 0.6ms
[2025-12-02T00:23:50.177+0000][5.153s][info ][gc,phases   ] GC(24)   Other: 0.3ms
[2025-12-02T00:23:50.177+0000][5.153s][info ][gc,heap     ] GC(24) Eden regions: 87->0(86)
[2025-12-02T00:23:50.177+0000][5.154s][info ][gc,heap     ] GC(24) Survivor regions: 7->8(12)
[2025-12-02T00:23:50.177+0000][5.154s][info ][gc,heap     ] GC(24) Old regions: 30->31
[2025-12-02T00:23:50.177+0000][5.154s][info ][gc,heap     ] GC(24) Archive regions: 2->2
[2025-12-02T00:23:50.177+0000][5.154s][info ][gc,heap     ] GC(24) Humongous regions: 0->0
[2025-12-02T00:23:50.177+0000][5.154s][info ][gc,metaspace] GC(24) Metaspace: 46217K(46656K)->46217K(46656K) NonClass: 40158K(40384K)->40158K(40384K) Class: 6058K(6272K)->6058K(6272K)
[2025-12-02T00:23:50.177+0000][5.154s][info ][gc          ] GC(24) Pause Young (Normal) (G1 Evacuation Pause) 123M->38M(158M) 6.691ms
[2025-12-02T00:23:50.177+0000][5.154s][info ][gc,cpu      ] GC(24) User=0.03s Sys=0.01s Real=0.01s
[2025-12-02T00:23:50.177+0000][5.154s][info ][safepoint   ] Safepoint "G1CollectForAllocation", Time since last: 16155765 ns, Reaching safepoint: 201098 ns, Cleanup: 11522 ns, At safepoint: 6909460 ns, Total: 7122080 ns
[2025-12-02T00:23:50.465+0000][5.441s][debug][safepoint   ] Safepoint synchronization initiated using futex wait barrier. (14 threads)
[2025-12-02T00:23:50.466+0000][5.443s][info ][gc,start    ] GC(25) Pause Young (Normal) (G1 Evacuation Pause)
[2025-12-02T00:23:50.466+0000][5.443s][info ][gc,task     ] GC(25) Using 3 workers of 10 for evacuation
[2025-12-02T00:23:50.473+0000][5.449s][info ][gc,phases   ] GC(25)   Pre Evacuate Collection Set: 0.1ms
[2025-12-02T00:23:50.473+0000][5.449s][info ][gc,phases   ] GC(25)   Merge Heap Roots: 0.1ms
[2025-12-02T00:23:50.473+0000][5.449s][info ][gc,phases   ] GC(25)   Evacuate Collection Set: 5.4ms
[2025-12-02T00:23:50.473+0000][5.450s][info ][gc,phases   ] GC(25)   Post Evacuate Collection Set: 0.7ms
[2025-12-02T00:23:50.473+0000][5.450s][info ][gc,phases   ] GC(25)   Other: 0.3ms
[2025-12-02T00:23:50.473+0000][5.450s][info ][gc,heap     ] GC(25) Eden regions: 86->0(86)
[2025-12-02T00:23:50.473+0000][5.450s][info ][gc,heap     ] GC(25) Survivor regions: 8->8(12)
[2025-12-02T00:23:50.473+0000][5.450s][info ][gc,heap     ] GC(25) Old regions: 31->33
[2025-12-02T00:23:50.473+0000][5.450s][info ][gc,heap     ] GC(25) Archive regions: 2->2
[2025-12-02T00:23:50.473+0000][5.450s][info ][gc,heap     ] GC(25) Humongous regions: 0->0
[2025-12-02T00:23:50.474+0000][5.450s][info ][gc,metaspace] GC(25) Metaspace: 49159K(49664K)->49159K(49664K) NonClass: 42772K(43008K)->42772K(43008K) Class: 6386K(6656K)->6386K(6656K)
[2025-12-02T00:23:50.474+0000][5.450s][info ][gc          ] GC(25) Pause Young (Normal) (G1 Evacuation Pause) 124M->40M(158M) 7.594ms
[2025-12-02T00:23:50.474+0000][5.450s][info ][gc,cpu      ] GC(25) User=0.03s Sys=0.01s Real=0.01s
[2025-12-02T00:23:50.474+0000][5.451s][info ][safepoint   ] Safepoint "G1CollectForAllocation", Time since last: 287282609 ns, Reaching safepoint: 663731 ns, Cleanup: 526591 ns, At safepoint: 7979620 ns, Total: 9169942 ns
[2025-12-02T00:23:50.749+0000][5.725s][debug][safepoint   ] Safepoint synchronization initiated using futex wait barrier. (17 threads)
[2025-12-02T00:23:50.749+0000][5.725s][info ][gc,start    ] GC(26) Pause Young (Normal) (G1 Evacuation Pause)
[2025-12-02T00:23:50.749+0000][5.726s][info ][gc,task     ] GC(26) Using 8 workers of 10 for evacuation
[2025-12-02T00:23:50.754+0000][5.730s][info ][gc,phases   ] GC(26)   Pre Evacuate Collection Set: 0.1ms
[2025-12-02T00:23:50.754+0000][5.731s][info ][gc,phases   ] GC(26)   Merge Heap Roots: 0.1ms
[2025-12-02T00:23:50.754+0000][5.731s][info ][gc,phases   ] GC(26)   Evacuate Collection Set: 3.7ms
[2025-12-02T00:23:50.754+0000][5.731s][info ][gc,phases   ] GC(26)   Post Evacuate Collection Set: 0.8ms
[2025-12-02T00:23:50.754+0000][5.731s][info ][gc,phases   ] GC(26)   Other: 0.3ms
[2025-12-02T00:23:50.754+0000][5.731s][info ][gc,heap     ] GC(26) Eden regions: 86->0(86)
[2025-12-02T00:23:50.754+0000][5.731s][info ][gc,heap     ] GC(26) Survivor regions: 8->8(12)
[2025-12-02T00:23:50.754+0000][5.731s][info ][gc,heap     ] GC(26) Old regions: 33->34
[2025-12-02T00:23:50.754+0000][5.731s][info ][gc,heap     ] GC(26) Archive regions: 2->2
[2025-12-02T00:23:50.755+0000][5.731s][info ][gc,heap     ] GC(26) Humongous regions: 0->0
[2025-12-02T00:23:50.755+0000][5.731s][info ][gc,metaspace] GC(26) Metaspace: 50695K(51136K)->50695K(51136K) NonClass: 44071K(44288K)->44071K(44288K) Class: 6624K(6848K)->6624K(6848K)
[2025-12-02T00:23:50.755+0000][5.731s][info ][gc          ] GC(26) Pause Young (Normal) (G1 Evacuation Pause) 126M->41M(158M) 5.855ms
[2025-12-02T00:23:50.755+0000][5.731s][info ][gc,cpu      ] GC(26) User=0.04s Sys=0.00s Real=0.00s
[2025-12-02T00:23:50.755+0000][5.732s][info ][safepoint   ] Safepoint "G1CollectForAllocation", Time since last: 274636521 ns, Reaching safepoint: 196837 ns, Cleanup: 108059 ns, At safepoint: 6064497 ns, Total: 6369393 ns
[2025-12-02T00:23:50.976+0000][5.952s][debug][safepoint   ] Safepoint synchronization initiated using futex wait barrier. (17 threads)
[2025-12-02T00:23:50.976+0000][5.953s][info ][gc,start    ] GC(27) Pause Young (Normal) (G1 Evacuation Pause)
[2025-12-02T00:23:50.976+0000][5.953s][info ][gc,task     ] GC(27) Using 8 workers of 10 for evacuation
[2025-12-02T00:23:50.980+0000][5.957s][info ][gc,phases   ] GC(27)   Pre Evacuate Collection Set: 0.2ms
[2025-12-02T00:23:50.980+0000][5.957s][info ][gc,phases   ] GC(27)   Merge Heap Roots: 0.1ms
[2025-12-02T00:23:50.980+0000][5.957s][info ][gc,phases   ] GC(27)   Evacuate Collection Set: 2.9ms
[2025-12-02T00:23:50.981+0000][5.957s][info ][gc,phases   ] GC(27)   Post Evacuate Collection Set: 0.7ms
[2025-12-02T00:23:50.981+0000][5.957s][info ][gc,phases   ] GC(27)   Other: 0.4ms
[2025-12-02T00:23:50.981+0000][5.957s][info ][gc,heap     ] GC(27) Eden regions: 86->0(108)
[2025-12-02T00:23:50.981+0000][5.957s][info ][gc,heap     ] GC(27) Survivor regions: 8->6(12)
[2025-12-02T00:23:50.981+0000][5.957s][info ][gc,heap     ] GC(27) Old regions: 34->36
[2025-12-02T00:23:50.981+0000][5.957s][info ][gc,heap     ] GC(27) Archive regions: 2->2
[2025-12-02T00:23:50.981+0000][5.958s][info ][gc,heap     ] GC(27) Humongous regions: 0->0
[2025-12-02T00:23:50.981+0000][5.958s][info ][gc,metaspace] GC(27) Metaspace: 52961K(53440K)->52961K(53440K) NonClass: 46024K(46272K)->46024K(46272K) Class: 6937K(7168K)->6937K(7168K)
[2025-12-02T00:23:50.981+0000][5.958s][info ][gc          ] GC(27) Pause Young (Normal) (G1 Evacuation Pause) 127M->41M(190M) 5.159ms
[2025-12-02T00:23:50.981+0000][5.958s][info ][gc,cpu      ] GC(27) User=0.04s Sys=0.00s Real=0.01s
[2025-12-02T00:23:50.981+0000][5.958s][info ][safepoint   ] Safepoint "G1CollectForAllocation", Time since last: 220550072 ns, Reaching safepoint: 395477 ns, Cleanup: 32500 ns, At safepoint: 5428623 ns, Total: 5856600 ns
[2025-12-02T00:23:52.156+0000][7.133s][debug][safepoint   ] Safepoint synchronization initiated using futex wait barrier. (17 threads)
[2025-12-02T00:23:52.157+0000][7.133s][info ][safepoint   ] Safepoint "Cleanup", Time since last: 1174920656 ns, Reaching safepoint: 228211 ns, Cleanup: 39872 ns, At safepoint: 2086 ns, Total: 270169 ns
[2025-12-02T00:23:52.266+0000][7.243s][debug][safepoint   ] Safepoint synchronization initiated using futex wait barrier. (15 threads)
[2025-12-02T00:23:52.267+0000][7.243s][info ][gc,start    ] GC(28) Pause Young (Normal) (G1 Evacuation Pause)
[2025-12-02T00:23:52.267+0000][7.243s][info ][gc,task     ] GC(28) Using 8 workers of 10 for evacuation
[2025-12-02T00:23:52.270+0000][7.247s][info ][gc,phases   ] GC(28)   Pre Evacuate Collection Set: 0.1ms
[2025-12-02T00:23:52.270+0000][7.247s][info ][gc,phases   ] GC(28)   Merge Heap Roots: 0.1ms
[2025-12-02T00:23:52.270+0000][7.247s][info ][gc,phases   ] GC(28)   Evacuate Collection Set: 2.3ms
[2025-12-02T00:23:52.270+0000][7.247s][info ][gc,phases   ] GC(28)   Post Evacuate Collection Set: 0.6ms
[2025-12-02T00:23:52.271+0000][7.247s][info ][gc,phases   ] GC(28)   Other: 0.3ms
[2025-12-02T00:23:52.271+0000][7.247s][info ][gc,heap     ] GC(28) Eden regions: 108->0(107)
[2025-12-02T00:23:52.271+0000][7.247s][info ][gc,heap     ] GC(28) Survivor regions: 6->7(15)
[2025-12-02T00:23:52.271+0000][7.247s][info ][gc,heap     ] GC(28) Old regions: 36->36
[2025-12-02T00:23:52.271+0000][7.247s][info ][gc,heap     ] GC(28) Archive regions: 2->2
[2025-12-02T00:23:52.271+0000][7.247s][info ][gc,heap     ] GC(28) Humongous regions: 0->0
[2025-12-02T00:23:52.271+0000][7.248s][info ][gc,metaspace] GC(28) Metaspace: 56472K(57024K)->56472K(57024K) NonClass: 49013K(49280K)->49013K(49280K) Class: 7459K(7744K)->7459K(7744K)
[2025-12-02T00:23:52.271+0000][7.248s][info ][gc          ] GC(28) Pause Young (Normal) (G1 Evacuation Pause) 149M->42M(190M) 4.445ms
[2025-12-02T00:23:52.271+0000][7.248s][info ][gc,cpu      ] GC(28) User=0.02s Sys=0.00s Real=0.01s
[2025-12-02T00:23:52.271+0000][7.248s][info ][safepoint   ] Safepoint "G1CollectForAllocation", Time since last: 109725413 ns, Reaching safepoint: 322822 ns, Cleanup: 16827 ns, At safepoint: 4626005 ns, Total: 4965654 ns
[2025-12-02T00:23:52.458+0000][7.435s][debug][safepoint   ] Safepoint synchronization initiated using futex wait barrier. (16 threads)
[2025-12-02T00:23:52.458+0000][7.435s][info ][gc,start    ] GC(29) Pause Young (Normal) (G1 Evacuation Pause)
[2025-12-02T00:23:52.459+0000][7.435s][info ][gc,task     ] GC(29) Using 8 workers of 10 for evacuation
[2025-12-02T00:23:52.462+0000][7.438s][info ][gc,phases   ] GC(29)   Pre Evacuate Collection Set: 0.1ms
[2025-12-02T00:23:52.462+0000][7.438s][info ][gc,phases   ] GC(29)   Merge Heap Roots: 0.1ms
[2025-12-02T00:23:52.462+0000][7.438s][info ][gc,phases   ] GC(29)   Evacuate Collection Set: 2.3ms
[2025-12-02T00:23:52.462+0000][7.439s][info ][gc,phases   ] GC(29)   Post Evacuate Collection Set: 0.6ms
[2025-12-02T00:23:52.462+0000][7.439s][info ][gc,phases   ] GC(29)   Other: 0.2ms
[2025-12-02T00:23:52.462+0000][7.439s][info ][gc,heap     ] GC(29) Eden regions: 107->0(107)
[2025-12-02T00:23:52.462+0000][7.439s][info ][gc,heap     ] GC(29) Survivor regions: 7->7(15)
[2025-12-02T00:23:52.462+0000][7.439s][info ][gc,heap     ] GC(29) Old regions: 36->36
[2025-12-02T00:23:52.462+0000][7.439s][info ][gc,heap     ] GC(29) Archive regions: 2->2
[2025-12-02T00:23:52.463+0000][7.439s][info ][gc,heap     ] GC(29) Humongous regions: 0->0
[2025-12-02T00:23:52.463+0000][7.439s][info ][gc,metaspace] GC(29) Metaspace: 58188K(58688K)->58188K(58688K) NonClass: 50431K(50688K)->50431K(50688K) Class: 7757K(8000K)->7757K(8000K)
[2025-12-02T00:23:52.463+0000][7.439s][info ][gc          ] GC(29) Pause Young (Normal) (G1 Evacuation Pause) 149M->42M(190M) 4.320ms
[2025-12-02T00:23:52.463+0000][7.439s][info ][gc,cpu      ] GC(29) User=0.02s Sys=0.00s Real=0.00s
[2025-12-02T00:23:52.463+0000][7.439s][info ][safepoint   ] Safepoint "G1CollectForAllocation", Time since last: 186963399 ns, Reaching safepoint: 181550 ns, Cleanup: 13839 ns, At safepoint: 4516357 ns, Total: 4711746 ns
[2025-12-02T00:23:52.617+0000][7.593s][debug][safepoint   ] Safepoint synchronization initiated using futex wait barrier. (16 threads)
[2025-12-02T00:23:52.617+0000][7.593s][info ][gc,start    ] GC(30) Pause Young (Concurrent Start) (Metadata GC Threshold)
[2025-12-02T00:23:52.617+0000][7.594s][info ][gc,task     ] GC(30) Using 8 workers of 10 for evacuation
[2025-12-02T00:23:52.620+0000][7.597s][info ][gc,phases   ] GC(30)   Pre Evacuate Collection Set: 0.1ms
[2025-12-02T00:23:52.620+0000][7.597s][info ][gc,phases   ] GC(30)   Merge Heap Roots: 0.1ms
[2025-12-02T00:23:52.620+0000][7.597s][info ][gc,phases   ] GC(30)   Evacuate Collection Set: 2.3ms
[2025-12-02T00:23:52.620+0000][7.597s][info ][gc,phases   ] GC(30)   Post Evacuate Collection Set: 0.5ms
[2025-12-02T00:23:52.621+0000][7.597s][info ][gc,phases   ] GC(30)   Other: 0.3ms
[2025-12-02T00:23:52.621+0000][7.597s][info ][gc,heap     ] GC(30) Eden regions: 81->0(107)
[2025-12-02T00:23:52.621+0000][7.597s][info ][gc,heap     ] GC(30) Survivor regions: 7->7(15)
[2025-12-02T00:23:52.621+0000][7.597s][info ][gc,heap     ] GC(30) Old regions: 36->36
[2025-12-02T00:23:52.621+0000][7.597s][info ][gc,heap     ] GC(30) Archive regions: 2->2
[2025-12-02T00:23:52.621+0000][7.597s][info ][gc,heap     ] GC(30) Humongous regions: 0->0
[2025-12-02T00:23:52.621+0000][7.598s][info ][gc,metaspace] GC(30) Metaspace: 59922K(60416K)->59922K(60416K) NonClass: 51873K(52096K)->51873K(52096K) Class: 8049K(8320K)->8049K(8320K)
[2025-12-02T00:23:52.621+0000][7.598s][info ][gc          ] GC(30) Pause Young (Concurrent Start) (Metadata GC Threshold) 123M->42M(190M) 4.269ms
[2025-12-02T00:23:52.621+0000][7.598s][info ][gc,cpu      ] GC(30) User=0.02s Sys=0.00s Real=0.00s
[2025-12-02T00:23:52.621+0000][7.598s][info ][safepoint   ] Safepoint "CollectForMetadataAllocation", Time since last: 153658332 ns, Reaching safepoint: 211083 ns, Cleanup: 30927 ns, At safepoint: 4500943 ns, Total: 4742953 ns
[2025-12-02T00:23:52.621+0000][7.598s][info ][gc          ] GC(31) Concurrent Mark Cycle
[2025-12-02T00:23:52.622+0000][7.598s][info ][gc,marking  ] GC(31) Concurrent Clear Claimed Marks
[2025-12-02T00:23:52.622+0000][7.598s][info ][gc,marking  ] GC(31) Concurrent Clear Claimed Marks 0.150ms
[2025-12-02T00:23:52.622+0000][7.598s][info ][gc,marking  ] GC(31) Concurrent Scan Root Regions
[2025-12-02T00:23:52.623+0000][7.600s][info ][gc,marking  ] GC(31) Concurrent Scan Root Regions 1.654ms
[2025-12-02T00:23:52.624+0000][7.600s][info ][gc,marking  ] GC(31) Concurrent Mark
[2025-12-02T00:23:52.624+0000][7.600s][info ][gc,marking  ] GC(31) Concurrent Mark From Roots
[2025-12-02T00:23:52.624+0000][7.600s][info ][gc,task     ] GC(31) Using 3 workers of 3 for marking
[2025-12-02T00:23:52.635+0000][7.612s][debug][safepoint   ] Safepoint synchronization initiated using futex wait barrier. (16 threads)
[2025-12-02T00:23:52.636+0000][7.612s][info ][safepoint   ] Safepoint "CollectForMetadataAllocation", Time since last: 14056015 ns, Reaching safepoint: 263556 ns, Cleanup: 3068 ns, At safepoint: 48306 ns, Total: 314930 ns
[2025-12-02T00:23:52.636+0000][7.613s][info ][gc,marking  ] GC(31) Concurrent Mark From Roots 12.284ms
[2025-12-02T00:23:52.636+0000][7.613s][info ][gc,marking  ] GC(31) Concurrent Preclean
[2025-12-02T00:23:52.636+0000][7.613s][info ][gc,marking  ] GC(31) Concurrent Preclean 0.293ms
[2025-12-02T00:23:52.637+0000][7.613s][debug][safepoint   ] Safepoint synchronization initiated using futex wait barrier. (16 threads)
[2025-12-02T00:23:52.637+0000][7.613s][info ][gc,start    ] GC(31) Pause Remark
[2025-12-02T00:23:52.639+0000][7.616s][info ][gc          ] GC(31) Pause Remark 49M->49M(174M) 2.292ms
[2025-12-02T00:23:52.639+0000][7.616s][info ][gc,cpu      ] GC(31) User=0.01s Sys=0.00s Real=0.01s
[2025-12-02T00:23:52.639+0000][7.616s][info ][safepoint   ] Safepoint "G1PauseRemark", Time since last: 813099 ns, Reaching safepoint: 214342 ns, Cleanup: 1684 ns, At safepoint: 2542312 ns, Total: 2758338 ns
[2025-12-02T00:23:52.639+0000][7.616s][info ][gc,marking  ] GC(31) Concurrent Mark 15.820ms
[2025-12-02T00:23:52.639+0000][7.616s][info ][gc,marking  ] GC(31) Concurrent Rebuild Remembered Sets
[2025-12-02T00:23:52.645+0000][7.622s][info ][gc,marking  ] GC(31) Concurrent Rebuild Remembered Sets 5.996ms
[2025-12-02T00:23:52.646+0000][7.623s][debug][safepoint   ] Safepoint synchronization initiated using futex wait barrier. (16 threads)
[2025-12-02T00:23:52.647+0000][7.624s][info ][gc,start    ] GC(31) Pause Cleanup
[2025-12-02T00:23:52.647+0000][7.624s][info ][gc          ] GC(31) Pause Cleanup 51M->51M(174M) 0.334ms
[2025-12-02T00:23:52.647+0000][7.624s][info ][gc,cpu      ] GC(31) User=0.00s Sys=0.00s Real=0.00s
[2025-12-02T00:23:52.648+0000][7.624s][info ][safepoint   ] Safepoint "G1PauseCleanup", Time since last: 7167193 ns, Reaching safepoint: 562269 ns, Cleanup: 3349 ns, At safepoint: 566863 ns, Total: 1132481 ns
[2025-12-02T00:23:52.648+0000][7.624s][info ][gc,marking  ] GC(31) Concurrent Cleanup for Next Mark
[2025-12-02T00:23:52.649+0000][7.625s][info ][gc,marking  ] GC(31) Concurrent Cleanup for Next Mark 0.910ms
[2025-12-02T00:23:52.649+0000][7.625s][info ][gc          ] GC(31) Concurrent Mark Cycle 27.403ms
[2025-12-02T00:23:52.877+0000][7.854s][debug][safepoint   ] Safepoint synchronization initiated using futex wait barrier. (17 threads)
[2025-12-02T00:23:52.878+0000][7.854s][info ][safepoint   ] Safepoint "ICBufferFull", Time since last: 229781910 ns, Reaching safepoint: 249521 ns, Cleanup: 118102 ns, At safepoint: 1865 ns, Total: 369488 ns
[2025-12-02T00:23:52.921+0000][7.898s][debug][safepoint   ] Safepoint synchronization initiated using futex wait barrier. (17 threads)
[2025-12-02T00:23:52.922+0000][7.898s][info ][gc,start    ] GC(32) Pause Young (Prepare Mixed) (G1 Evacuation Pause)
[2025-12-02T00:23:52.922+0000][7.898s][info ][gc,task     ] GC(32) Using 8 workers of 10 for evacuation
[2025-12-02T00:23:52.927+0000][7.904s][info ][gc,phases   ] GC(32)   Pre Evacuate Collection Set: 0.2ms
[2025-12-02T00:23:52.927+0000][7.904s][info ][gc,phases   ] GC(32)   Merge Heap Roots: 0.1ms
[2025-12-02T00:23:52.928+0000][7.904s][info ][gc,phases   ] GC(32)   Evacuate Collection Set: 4.0ms
[2025-12-02T00:23:52.928+0000][7.904s][info ][gc,phases   ] GC(32)   Post Evacuate Collection Set: 1.0ms
[2025-12-02T00:23:52.928+0000][7.904s][info ][gc,phases   ] GC(32)   Other: 0.4ms
[2025-12-02T00:23:52.928+0000][7.905s][info ][gc,heap     ] GC(32) Eden regions: 99->0(1)
[2025-12-02T00:23:52.928+0000][7.905s][info ][gc,heap     ] GC(32) Survivor regions: 7->9(14)
[2025-12-02T00:23:52.928+0000][7.905s][info ][gc,heap     ] GC(32) Old regions: 36->36
[2025-12-02T00:23:52.928+0000][7.905s][info ][gc,heap     ] GC(32) Archive regions: 2->2
[2025-12-02T00:23:52.929+0000][7.905s][info ][gc,heap     ] GC(32) Humongous regions: 0->0
[2025-12-02T00:23:52.929+0000][7.905s][info ][gc,metaspace] GC(32) Metaspace: 62991K(63552K)->62991K(63552K) NonClass: 54562K(54848K)->54562K(54848K) Class: 8428K(8704K)->8428K(8704K)
[2025-12-02T00:23:52.929+0000][7.906s][info ][gc          ] GC(32) Pause Young (Prepare Mixed) (G1 Evacuation Pause) 141M->44M(174M) 7.702ms
[2025-12-02T00:23:52.930+0000][7.906s][info ][gc,cpu      ] GC(32) User=0.06s Sys=0.00s Real=0.01s
[2025-12-02T00:23:52.930+0000][7.907s][info ][safepoint   ] Safepoint "G1CollectForAllocation", Time since last: 43509413 ns, Reaching safepoint: 271728 ns, Cleanup: 88709 ns, At safepoint: 8374430 ns, Total: 8734867 ns
[2025-12-02T00:23:52.935+0000][7.912s][debug][safepoint   ] Safepoint synchronization initiated using futex wait barrier. (17 threads)
[2025-12-02T00:23:52.935+0000][7.912s][info ][gc,start    ] GC(33) Pause Young (Mixed) (G1 Evacuation Pause)
[2025-12-02T00:23:52.935+0000][7.912s][info ][gc,task     ] GC(33) Using 8 workers of 10 for evacuation
[2025-12-02T00:23:52.940+0000][7.917s][info ][gc,phases   ] GC(33)   Pre Evacuate Collection Set: 0.1ms
[2025-12-02T00:23:52.940+0000][7.917s][info ][gc,phases   ] GC(33)   Merge Heap Roots: 0.1ms
[2025-12-02T00:23:52.940+0000][7.917s][info ][gc,phases   ] GC(33)   Evacuate Collection Set: 3.6ms
[2025-12-02T00:23:52.940+0000][7.917s][info ][gc,phases   ] GC(33)   Post Evacuate Collection Set: 0.7ms
[2025-12-02T00:23:52.941+0000][7.917s][info ][gc,phases   ] GC(33)   Other: 0.3ms
[2025-12-02T00:23:52.941+0000][7.917s][info ][gc,heap     ] GC(33) Eden regions: 1->0(123)
[2025-12-02T00:23:52.941+0000][7.917s][info ][gc,heap     ] GC(33) Survivor regions: 9->2(2)
[2025-12-02T00:23:52.941+0000][7.917s][info ][gc,heap     ] GC(33) Old regions: 36->44
[2025-12-02T00:23:52.941+0000][7.917s][info ][gc,heap     ] GC(33) Archive regions: 2->2
[2025-12-02T00:23:52.941+0000][7.918s][info ][gc,heap     ] GC(33) Humongous regions: 0->0
[2025-12-02T00:23:52.941+0000][7.918s][info ][gc,metaspace] GC(33) Metaspace: 63000K(63552K)->63000K(63552K) NonClass: 54571K(54848K)->54571K(54848K) Class: 8428K(8704K)->8428K(8704K)
[2025-12-02T00:23:52.941+0000][7.918s][info ][gc          ] GC(33) Pause Young (Mixed) (G1 Evacuation Pause) 45M->45M(209M) 6.108ms
[2025-12-02T00:23:52.941+0000][7.918s][info ][gc,cpu      ] GC(33) User=0.06s Sys=0.00s Real=0.01s
[2025-12-02T00:23:52.941+0000][7.918s][info ][safepoint   ] Safepoint "G1CollectForAllocation", Time since last: 4989877 ns, Reaching safepoint: 172013 ns, Cleanup: 2848 ns, At safepoint: 6346267 ns, Total: 6521128 ns
[2025-12-02T00:23:53.195+0000][8.171s][debug][safepoint   ] Safepoint synchronization initiated using futex wait barrier. (17 threads)
[2025-12-02T00:23:53.195+0000][8.172s][info ][safepoint   ] Safepoint "ICBufferFull", Time since last: 253257715 ns, Reaching safepoint: 230882 ns, Cleanup: 134650 ns, At safepoint: 18994 ns, Total: 384526 ns
[2025-12-02T00:23:53.307+0000][8.283s][debug][safepoint   ] Safepoint synchronization initiated using futex wait barrier. (17 threads)
[2025-12-02T00:23:53.307+0000][8.283s][info ][gc,start    ] GC(34) Pause Young (Concurrent Start) (G1 Evacuation Pause)
[2025-12-02T00:23:53.307+0000][8.283s][info ][gc,task     ] GC(34) Using 8 workers of 10 for evacuation
[2025-12-02T00:23:53.310+0000][8.286s][info ][gc,phases   ] GC(34)   Pre Evacuate Collection Set: 0.2ms
[2025-12-02T00:23:53.310+0000][8.286s][info ][gc,phases   ] GC(34)   Merge Heap Roots: 0.1ms
[2025-12-02T00:23:53.310+0000][8.286s][info ][gc,phases   ] GC(34)   Evacuate Collection Set: 1.7ms
[2025-12-02T00:23:53.310+0000][8.286s][info ][gc,phases   ] GC(34)   Post Evacuate Collection Set: 0.5ms
[2025-12-02T00:23:53.310+0000][8.287s][info ][gc,phases   ] GC(34)   Other: 0.3ms
[2025-12-02T00:23:53.310+0000][8.287s][info ][gc,heap     ] GC(34) Eden regions: 123->0(121)
[2025-12-02T00:23:53.310+0000][8.287s][info ][gc,heap     ] GC(34) Survivor regions: 2->4(16)
[2025-12-02T00:23:53.310+0000][8.287s][info ][gc,heap     ] GC(34) Old regions: 44->44
[2025-12-02T00:23:53.310+0000][8.287s][info ][gc,heap     ] GC(34) Archive regions: 2->2
[2025-12-02T00:23:53.310+0000][8.287s][info ][gc,heap     ] GC(34) Humongous regions: 0->0
[2025-12-02T00:23:53.311+0000][8.287s][info ][gc,metaspace] GC(34) Metaspace: 65629K(66176K)->65629K(66176K) NonClass: 56876K(57152K)->56876K(57152K) Class: 8753K(9024K)->8753K(9024K)
[2025-12-02T00:23:53.311+0000][8.287s][info ][gc          ] GC(34) Pause Young (Concurrent Start) (G1 Evacuation Pause) 168M->47M(209M) 3.887ms
[2025-12-02T00:23:53.311+0000][8.287s][info ][gc,cpu      ] GC(34) User=0.02s Sys=0.00s Real=0.00s
[2025-12-02T00:23:53.311+0000][8.287s][info ][gc          ] GC(35) Concurrent Mark Cycle
[2025-12-02T00:23:53.311+0000][8.288s][info ][gc,marking  ] GC(35) Concurrent Clear Claimed Marks
[2025-12-02T00:23:53.311+0000][8.287s][info ][safepoint   ] Safepoint "G1CollectForAllocation", Time since last: 111415251 ns, Reaching safepoint: 246296 ns, Cleanup: 16349 ns, At safepoint: 4135563 ns, Total: 4398208 ns
[2025-12-02T00:23:53.311+0000][8.288s][info ][gc,marking  ] GC(35) Concurrent Clear Claimed Marks 0.120ms
[2025-12-02T00:23:53.311+0000][8.288s][info ][gc,marking  ] GC(35) Concurrent Scan Root Regions
[2025-12-02T00:23:53.313+0000][8.289s][info ][gc,marking  ] GC(35) Concurrent Scan Root Regions 1.318ms
[2025-12-02T00:23:53.313+0000][8.289s][info ][gc,marking  ] GC(35) Concurrent Mark
[2025-12-02T00:23:53.313+0000][8.289s][info ][gc,marking  ] GC(35) Concurrent Mark From Roots
[2025-12-02T00:23:53.313+0000][8.290s][info ][gc,task     ] GC(35) Using 3 workers of 3 for marking
[2025-12-02T00:23:53.332+0000][8.308s][info ][gc,marking  ] GC(35) Concurrent Mark From Roots 18.608ms
[2025-12-02T00:23:53.332+0000][8.308s][info ][gc,marking  ] GC(35) Concurrent Preclean
[2025-12-02T00:23:53.332+0000][8.309s][info ][gc,marking  ] GC(35) Concurrent Preclean 0.340ms
[2025-12-02T00:23:53.332+0000][8.309s][debug][safepoint   ] Safepoint synchronization initiated using futex wait barrier. (17 threads)
[2025-12-02T00:23:53.332+0000][8.309s][info ][gc,start    ] GC(35) Pause Remark
[2025-12-02T00:23:53.335+0000][8.311s][info ][gc          ] GC(35) Pause Remark 58M->58M(204M) 2.240ms
[2025-12-02T00:23:53.335+0000][8.311s][info ][gc,cpu      ] GC(35) User=0.01s Sys=0.00s Real=0.00s
[2025-12-02T00:23:53.335+0000][8.311s][info ][safepoint   ] Safepoint "G1PauseRemark", Time since last: 21277021 ns, Reaching safepoint: 186385 ns, Cleanup: 9562 ns, At safepoint: 2530745 ns, Total: 2726692 ns
[2025-12-02T00:23:53.335+0000][8.312s][info ][gc,marking  ] GC(35) Concurrent Mark 22.273ms
[2025-12-02T00:23:53.335+0000][8.312s][info ][gc,marking  ] GC(35) Concurrent Rebuild Remembered Sets
[2025-12-02T00:23:53.346+0000][8.322s][info ][gc,marking  ] GC(35) Concurrent Rebuild Remembered Sets 10.488ms
[2025-12-02T00:23:53.346+0000][8.323s][debug][safepoint   ] Safepoint synchronization initiated using futex wait barrier. (17 threads)
[2025-12-02T00:23:53.346+0000][8.323s][info ][gc,start    ] GC(35) Pause Cleanup
[2025-12-02T00:23:53.346+0000][8.323s][info ][gc          ] GC(35) Pause Cleanup 60M->60M(204M) 0.205ms
[2025-12-02T00:23:53.346+0000][8.323s][info ][gc,cpu      ] GC(35) User=0.00s Sys=0.00s Real=0.00s
[2025-12-02T00:23:53.346+0000][8.323s][info ][safepoint   ] Safepoint "G1PauseCleanup", Time since last: 11003193 ns, Reaching safepoint: 113142 ns, Cleanup: 10585 ns, At safepoint: 439081 ns, Total: 562808 ns
[2025-12-02T00:23:53.347+0000][8.323s][info ][gc,marking  ] GC(35) Concurrent Cleanup for Next Mark
[2025-12-02T00:23:53.347+0000][8.324s][info ][gc,marking  ] GC(35) Concurrent Cleanup for Next Mark 0.417ms
[2025-12-02T00:23:53.347+0000][8.324s][info ][gc          ] GC(35) Concurrent Mark Cycle 36.249ms
[2025-12-02T00:23:53.409+0000][8.385s][debug][safepoint   ] Safepoint synchronization initiated using futex wait barrier. (17 threads)
[2025-12-02T00:23:53.409+0000][8.386s][info ][safepoint   ] Safepoint "ICBufferFull", Time since last: 62094179 ns, Reaching safepoint: 321219 ns, Cleanup: 144761 ns, At safepoint: 13061 ns, Total: 479041 ns
[2025-12-02T00:23:53.683+0000][8.660s][debug][safepoint   ] Safepoint synchronization initiated using futex wait barrier. (17 threads)
[2025-12-02T00:23:53.683+0000][8.660s][info ][gc,start    ] GC(36) Pause Young (Prepare Mixed) (G1 Evacuation Pause)
[2025-12-02T00:23:53.683+0000][8.660s][info ][gc,task     ] GC(36) Using 8 workers of 10 for evacuation
[2025-12-02T00:23:53.686+0000][8.663s][info ][gc,phases   ] GC(36)   Pre Evacuate Collection Set: 0.1ms
[2025-12-02T00:23:53.686+0000][8.663s][info ][gc,phases   ] GC(36)   Merge Heap Roots: 0.1ms
[2025-12-02T00:23:53.686+0000][8.663s][info ][gc,phases   ] GC(36)   Evacuate Collection Set: 1.8ms
[2025-12-02T00:23:53.687+0000][8.663s][info ][gc,phases   ] GC(36)   Post Evacuate Collection Set: 0.6ms
[2025-12-02T00:23:53.687+0000][8.663s][info ][gc,phases   ] GC(36)   Other: 0.3ms
[2025-12-02T00:23:53.687+0000][8.663s][info ][gc,heap     ] GC(36) Eden regions: 118->0(5)
[2025-12-02T00:23:53.687+0000][8.663s][info ][gc,heap     ] GC(36) Survivor regions: 4->5(16)
[2025-12-02T00:23:53.687+0000][8.664s][info ][gc,heap     ] GC(36) Old regions: 44->44
[2025-12-02T00:23:53.687+0000][8.664s][info ][gc,heap     ] GC(36) Archive regions: 2->2
[2025-12-02T00:23:53.687+0000][8.664s][info ][gc,heap     ] GC(36) Humongous regions: 0->0
[2025-12-02T00:23:53.687+0000][8.664s][info ][gc,metaspace] GC(36) Metaspace: 70417K(70976K)->70417K(70976K) NonClass: 60961K(61248K)->60961K(61248K) Class: 9455K(9728K)->9455K(9728K)
[2025-12-02T00:23:53.687+0000][8.664s][info ][gc          ] GC(36) Pause Young (Prepare Mixed) (G1 Evacuation Pause) 165M->48M(204M) 4.043ms
[2025-12-02T00:23:53.687+0000][8.664s][info ][gc,cpu      ] GC(36) User=0.02s Sys=0.00s Real=0.01s
[2025-12-02T00:23:53.688+0000][8.664s][info ][safepoint   ] Safepoint "G1CollectForAllocation", Time since last: 273911537 ns, Reaching safepoint: 204237 ns, Cleanup: 97350 ns, At safepoint: 4288462 ns, Total: 4590049 ns
[2025-12-02T00:23:53.698+0000][8.675s][debug][safepoint   ] Safepoint synchronization initiated using futex wait barrier. (17 threads)
[2025-12-02T00:23:53.699+0000][8.675s][info ][gc,start    ] GC(37) Pause Young (Mixed) (G1 Evacuation Pause)
[2025-12-02T00:23:53.699+0000][8.675s][info ][gc,task     ] GC(37) Using 8 workers of 10 for evacuation
[2025-12-02T00:23:53.701+0000][8.678s][info ][gc,phases   ] GC(37)   Pre Evacuate Collection Set: 0.1ms
[2025-12-02T00:23:53.702+0000][8.678s][info ][gc,phases   ] GC(37)   Merge Heap Roots: 0.1ms
[2025-12-02T00:23:53.702+0000][8.678s][info ][gc,phases   ] GC(37)   Evacuate Collection Set: 1.9ms
[2025-12-02T00:23:53.702+0000][8.678s][info ][gc,phases   ] GC(37)   Post Evacuate Collection Set: 0.5ms
[2025-12-02T00:23:53.702+0000][8.678s][info ][gc,phases   ] GC(37)   Other: 0.3ms
[2025-12-02T00:23:53.702+0000][8.679s][info ][gc,heap     ] GC(37) Eden regions: 5->0(121)
[2025-12-02T00:23:53.702+0000][8.679s][info ][gc,heap     ] GC(37) Survivor regions: 5->1(2)
[2025-12-02T00:23:53.702+0000][8.679s][info ][gc,heap     ] GC(37) Old regions: 44->48
[2025-12-02T00:23:53.702+0000][8.679s][info ][gc,heap     ] GC(37) Archive regions: 2->2
[2025-12-02T00:23:53.702+0000][8.679s][info ][gc,heap     ] GC(37) Humongous regions: 0->0
[2025-12-02T00:23:53.703+0000][8.679s][info ][gc,metaspace] GC(37) Metaspace: 70573K(71168K)->70573K(71168K) NonClass: 61114K(61440K)->61114K(61440K) Class: 9459K(9728K)->9459K(9728K)
[2025-12-02T00:23:53.703+0000][8.679s][info ][gc          ] GC(37) Pause Young (Mixed) (G1 Evacuation Pause) 53M->49M(204M) 4.051ms
[2025-12-02T00:23:53.703+0000][8.679s][info ][gc,cpu      ] GC(37) User=0.02s Sys=0.00s Real=0.00s
[2025-12-02T00:23:53.703+0000][8.679s][info ][safepoint   ] Safepoint "G1CollectForAllocation", Time since last: 10882155 ns, Reaching safepoint: 129169 ns, Cleanup: 2386 ns, At safepoint: 4302105 ns, Total: 4433660 ns
[2025-12-02T00:23:53.928+0000][8.905s][debug][safepoint   ] Safepoint synchronization initiated using futex wait barrier. (17 threads)
[2025-12-02T00:23:53.929+0000][8.905s][info ][gc,start    ] GC(38) Pause Young (Normal) (G1 Evacuation Pause)
[2025-12-02T00:23:53.929+0000][8.905s][info ][gc,task     ] GC(38) Using 8 workers of 10 for evacuation
[2025-12-02T00:23:53.931+0000][8.907s][info ][gc,phases   ] GC(38)   Pre Evacuate Collection Set: 0.1ms
[2025-12-02T00:23:53.931+0000][8.907s][info ][gc,phases   ] GC(38)   Merge Heap Roots: 0.1ms
[2025-12-02T00:23:53.931+0000][8.907s][info ][gc,phases   ] GC(38)   Evacuate Collection Set: 0.9ms
[2025-12-02T00:23:53.931+0000][8.907s][info ][gc,phases   ] GC(38)   Post Evacuate Collection Set: 0.5ms
[2025-12-02T00:23:53.931+0000][8.908s][info ][gc,phases   ] GC(38)   Other: 0.3ms
[2025-12-02T00:23:53.931+0000][8.908s][info ][gc,heap     ] GC(38) Eden regions: 121->0(121)
[2025-12-02T00:23:53.931+0000][8.908s][info ][gc,heap     ] GC(38) Survivor regions: 1->1(16)
[2025-12-02T00:23:53.931+0000][8.908s][info ][gc,heap     ] GC(38) Old regions: 48->48
[2025-12-02T00:23:53.931+0000][8.908s][info ][gc,heap     ] GC(38) Archive regions: 2->2
[2025-12-02T00:23:53.931+0000][8.908s][info ][gc,heap     ] GC(38) Humongous regions: 0->0
[2025-12-02T00:23:53.932+0000][8.908s][info ][gc,metaspace] GC(38) Metaspace: 72551K(73088K)->72551K(73088K) NonClass: 62689K(62976K)->62689K(62976K) Class: 9861K(10112K)->9861K(10112K)
[2025-12-02T00:23:53.932+0000][8.908s][info ][gc          ] GC(38) Pause Young (Normal) (G1 Evacuation Pause) 170M->48M(204M) 3.010ms
[2025-12-02T00:23:53.932+0000][8.908s][info ][gc,cpu      ] GC(38) User=0.01s Sys=0.00s Real=0.00s
[2025-12-02T00:23:53.932+0000][8.908s][info ][safepoint   ] Safepoint "G1CollectForAllocation", Time since last: 225462252 ns, Reaching safepoint: 216391 ns, Cleanup: 84750 ns, At safepoint: 3249341 ns, Total: 3550482 ns
[2025-12-02T00:23:54.019+0000][8.996s][debug][safepoint   ] Safepoint synchronization initiated using futex wait barrier. (17 threads)
[2025-12-02T00:23:54.020+0000][8.996s][info ][safepoint   ] Safepoint "ICBufferFull", Time since last: 87480649 ns, Reaching safepoint: 225139 ns, Cleanup: 99927 ns, At safepoint: 17963 ns, Total: 343029 ns
[2025-12-02T00:23:54.065+0000][9.042s][debug][safepoint   ] Safepoint synchronization initiated using futex wait barrier. (17 threads)
[2025-12-02T00:23:54.066+0000][9.042s][info ][safepoint   ] Safepoint "ICBufferFull", Time since last: 45639092 ns, Reaching safepoint: 225425 ns, Cleanup: 92790 ns, At safepoint: 18273 ns, Total: 336488 ns
[2025-12-02T00:23:54.110+0000][9.086s][debug][safepoint   ] Safepoint synchronization initiated using futex wait barrier. (17 threads)
[2025-12-02T00:23:54.110+0000][9.087s][info ][safepoint   ] Safepoint "ICBufferFull", Time since last: 44009702 ns, Reaching safepoint: 244601 ns, Cleanup: 104037 ns, At safepoint: 24077 ns, Total: 372715 ns
[2025-12-02T00:23:54.186+0000][9.162s][debug][safepoint   ] Safepoint synchronization initiated using futex wait barrier. (17 threads)
[2025-12-02T00:23:54.186+0000][9.163s][info ][safepoint   ] Safepoint "ICBufferFull", Time since last: 75513056 ns, Reaching safepoint: 247949 ns, Cleanup: 107084 ns, At safepoint: 1754 ns, Total: 356787 ns
[2025-12-02T00:23:54.342+0000][9.319s][debug][safepoint   ] Safepoint synchronization initiated using futex wait barrier. (17 threads)
[2025-12-02T00:23:54.343+0000][9.319s][info ][gc,start    ] GC(39) Pause Young (Normal) (G1 Evacuation Pause)
[2025-12-02T00:23:54.343+0000][9.320s][info ][gc,task     ] GC(39) Using 8 workers of 10 for evacuation
[2025-12-02T00:23:54.345+0000][9.321s][info ][gc,phases   ] GC(39)   Pre Evacuate Collection Set: 0.1ms
[2025-12-02T00:23:54.345+0000][9.321s][info ][gc,phases   ] GC(39)   Merge Heap Roots: 0.1ms
[2025-12-02T00:23:54.345+0000][9.322s][info ][gc,phases   ] GC(39)   Evacuate Collection Set: 0.9ms
[2025-12-02T00:23:54.345+0000][9.322s][info ][gc,phases   ] GC(39)   Post Evacuate Collection Set: 0.5ms
[2025-12-02T00:23:54.345+0000][9.322s][info ][gc,phases   ] GC(39)   Other: 0.3ms
[2025-12-02T00:23:54.345+0000][9.322s][info ][gc,heap     ] GC(39) Eden regions: 121->0(120)
[2025-12-02T00:23:54.345+0000][9.322s][info ][gc,heap     ] GC(39) Survivor regions: 1->2(16)
[2025-12-02T00:23:54.345+0000][9.322s][info ][gc,heap     ] GC(39) Old regions: 48->48
[2025-12-02T00:23:54.345+0000][9.322s][info ][gc,heap     ] GC(39) Archive regions: 2->2
[2025-12-02T00:23:54.346+0000][9.322s][info ][gc,heap     ] GC(39) Humongous regions: 0->0
[2025-12-02T00:23:54.346+0000][9.322s][info ][gc,metaspace] GC(39) Metaspace: 74438K(75072K)->74438K(75072K) NonClass: 64366K(64704K)->64366K(64704K) Class: 10071K(10368K)->10071K(10368K)
[2025-12-02T00:23:54.346+0000][9.322s][info ][gc          ] GC(39) Pause Young (Normal) (G1 Evacuation Pause) 169M->49M(204M) 2.905ms
[2025-12-02T00:23:54.346+0000][9.322s][info ][gc,cpu      ] GC(39) User=0.01s Sys=0.00s Real=0.00s
[2025-12-02T00:23:54.346+0000][9.322s][info ][safepoint   ] Safepoint "G1CollectForAllocation", Time since last: 156492657 ns, Reaching safepoint: 243353 ns, Cleanup: 90615 ns, At safepoint: 3100710 ns, Total: 3434678 ns
[2025-12-02T00:23:54.464+0000][9.440s][debug][safepoint   ] Safepoint synchronization initiated using futex wait barrier. (17 threads)
[2025-12-02T00:23:54.464+0000][9.441s][info ][safepoint   ] Safepoint "ICBufferFull", Time since last: 117685408 ns, Reaching safepoint: 262225 ns, Cleanup: 118140 ns, At safepoint: 1814 ns, Total: 382179 ns
[2025-12-02T00:23:54.737+0000][9.713s][debug][safepoint   ] Safepoint synchronization initiated using futex wait barrier. (17 threads)
[2025-12-02T00:23:54.737+0000][9.714s][info ][gc,start    ] GC(40) Pause Young (Normal) (G1 Evacuation Pause)
[2025-12-02T00:23:54.737+0000][9.714s][info ][gc,task     ] GC(40) Using 8 workers of 10 for evacuation
[2025-12-02T00:23:54.740+0000][9.716s][info ][gc,phases   ] GC(40)   Pre Evacuate Collection Set: 0.1ms
[2025-12-02T00:23:54.740+0000][9.716s][info ][gc,phases   ] GC(40)   Merge Heap Roots: 0.1ms
[2025-12-02T00:23:54.740+0000][9.717s][info ][gc,phases   ] GC(40)   Evacuate Collection Set: 1.8ms
[2025-12-02T00:23:54.740+0000][9.717s][info ][gc,phases   ] GC(40)   Post Evacuate Collection Set: 0.5ms
[2025-12-02T00:23:54.740+0000][9.717s][info ][gc,phases   ] GC(40)   Other: 0.3ms
[2025-12-02T00:23:54.740+0000][9.717s][info ][gc,heap     ] GC(40) Eden regions: 120->0(117)
[2025-12-02T00:23:54.740+0000][9.717s][info ][gc,heap     ] GC(40) Survivor regions: 2->5(16)
[2025-12-02T00:23:54.741+0000][9.717s][info ][gc,heap     ] GC(40) Old regions: 48->48
[2025-12-02T00:23:54.741+0000][9.717s][info ][gc,heap     ] GC(40) Archive regions: 2->2
[2025-12-02T00:23:54.741+0000][9.717s][info ][gc,heap     ] GC(40) Humongous regions: 0->0
[2025-12-02T00:23:54.741+0000][9.717s][info ][gc,metaspace] GC(40) Metaspace: 77631K(78272K)->77631K(78272K) NonClass: 67122K(67456K)->67122K(67456K) Class: 10509K(10816K)->10509K(10816K)
[2025-12-02T00:23:54.741+0000][9.718s][info ][gc          ] GC(40) Pause Young (Normal) (G1 Evacuation Pause) 169M->52M(204M) 3.982ms
[2025-12-02T00:23:54.741+0000][9.718s][info ][gc,cpu      ] GC(40) User=0.01s Sys=0.00s Real=0.00s
[2025-12-02T00:23:54.741+0000][9.718s][info ][safepoint   ] Safepoint "G1CollectForAllocation", Time since last: 272693072 ns, Reaching safepoint: 231507 ns, Cleanup: 113369 ns, At safepoint: 4236293 ns, Total: 4581169 ns
[2025-12-02T00:23:54.887+0000][9.863s][debug][safepoint   ] Safepoint synchronization initiated using futex wait barrier. (17 threads)
[2025-12-02T00:23:54.887+0000][9.864s][info ][safepoint   ] Safepoint "ICBufferFull", Time since last: 145593873 ns, Reaching safepoint: 338651 ns, Cleanup: 121308 ns, At safepoint: 29881 ns, Total: 489840 ns
[2025-12-02T00:23:54.962+0000][9.938s][debug][safepoint   ] Safepoint synchronization initiated using futex wait barrier. (17 threads)
[2025-12-02T00:23:54.962+0000][9.939s][info ][safepoint   ] Safepoint "ICBufferFull", Time since last: 74575829 ns, Reaching safepoint: 274571 ns, Cleanup: 175467 ns, At safepoint: 2706 ns, Total: 452744 ns
[2025-12-02T00:23:55.012+0000][9.988s][debug][safepoint   ] Safepoint synchronization initiated using futex wait barrier. (17 threads)
[2025-12-02T00:23:55.012+0000][9.989s][info ][gc,start    ] GC(41) Pause Young (Normal) (G1 Evacuation Pause)
[2025-12-02T00:23:55.012+0000][9.989s][info ][gc,task     ] GC(41) Using 8 workers of 10 for evacuation
[2025-12-02T00:23:55.016+0000][9.993s][info ][gc,phases   ] GC(41)   Pre Evacuate Collection Set: 0.1ms
[2025-12-02T00:23:55.016+0000][9.993s][info ][gc,phases   ] GC(41)   Merge Heap Roots: 0.1ms
[2025-12-02T00:23:55.017+0000][9.993s][info ][gc,phases   ] GC(41)   Evacuate Collection Set: 2.8ms
[2025-12-02T00:23:55.017+0000][9.993s][info ][gc,phases   ] GC(41)   Post Evacuate Collection Set: 0.8ms
[2025-12-02T00:23:55.017+0000][9.993s][info ][gc,phases   ] GC(41)   Other: 0.3ms
[2025-12-02T00:23:55.017+0000][9.993s][info ][gc,heap     ] GC(41) Eden regions: 117->0(115)
[2025-12-02T00:23:55.017+0000][9.994s][info ][gc,heap     ] GC(41) Survivor regions: 5->7(16)
[2025-12-02T00:23:55.017+0000][9.994s][info ][gc,heap     ] GC(41) Old regions: 48->48
[2025-12-02T00:23:55.017+0000][9.994s][info ][gc,heap     ] GC(41) Archive regions: 2->2
[2025-12-02T00:23:55.017+0000][9.994s][info ][gc,heap     ] GC(41) Humongous regions: 0->0
[2025-12-02T00:23:55.017+0000][9.994s][info ][gc,metaspace] GC(41) Metaspace: 79583K(80192K)->79583K(80192K) NonClass: 68863K(69184K)->68863K(69184K) Class: 10720K(11008K)->10720K(11008K)
[2025-12-02T00:23:55.018+0000][9.994s][info ][gc          ] GC(41) Pause Young (Normal) (G1 Evacuation Pause) 169M->54M(204M) 5.552ms
[2025-12-02T00:23:55.018+0000][9.994s][info ][gc,cpu      ] GC(41) User=0.05s Sys=0.00s Real=0.01s
[2025-12-02T00:23:55.018+0000][9.994s][info ][safepoint   ] Safepoint "G1CollectForAllocation", Time since last: 49384560 ns, Reaching safepoint: 259860 ns, Cleanup: 75510 ns, At safepoint: 5826398 ns, Total: 6161768 ns
[2025-12-02T00:23:55.191+0000][10.168s][debug][safepoint   ] Safepoint synchronization initiated using futex wait barrier. (17 threads)
[2025-12-02T00:23:55.192+0000][10.168s][info ][safepoint   ] Safepoint "ICBufferFull", Time since last: 173233566 ns, Reaching safepoint: 252642 ns, Cleanup: 129309 ns, At safepoint: 22483 ns, Total: 404434 ns
[2025-12-02T00:23:55.531+0000][10.508s][debug][safepoint   ] Safepoint synchronization initiated using futex wait barrier. (17 threads)
[2025-12-02T00:23:55.532+0000][10.508s][info ][gc,start    ] GC(42) Pause Young (Normal) (G1 Evacuation Pause)
[2025-12-02T00:23:55.532+0000][10.508s][info ][gc,task     ] GC(42) Using 8 workers of 10 for evacuation
[2025-12-02T00:23:55.537+0000][10.513s][info ][gc,phases   ] GC(42)   Pre Evacuate Collection Set: 0.1ms
[2025-12-02T00:23:55.537+0000][10.513s][info ][gc,phases   ] GC(42)   Merge Heap Roots: 0.1ms
[2025-12-02T00:23:55.537+0000][10.513s][info ][gc,phases   ] GC(42)   Evacuate Collection Set: 3.7ms
[2025-12-02T00:23:55.537+0000][10.514s][info ][gc,phases   ] GC(42)   Post Evacuate Collection Set: 0.8ms
[2025-12-02T00:23:55.537+0000][10.514s][info ][gc,phases   ] GC(42)   Other: 0.3ms
[2025-12-02T00:23:55.537+0000][10.514s][info ][gc,heap     ] GC(42) Eden regions: 115->0(109)
[2025-12-02T00:23:55.537+0000][10.514s][info ][gc,heap     ] GC(42) Survivor regions: 7->12(16)
[2025-12-02T00:23:55.537+0000][10.514s][info ][gc,heap     ] GC(42) Old regions: 48->48
[2025-12-02T00:23:55.537+0000][10.514s][info ][gc,heap     ] GC(42) Archive regions: 2->2
[2025-12-02T00:23:55.538+0000][10.514s][info ][gc,heap     ] GC(42) Humongous regions: 0->0
[2025-12-02T00:23:55.538+0000][10.514s][info ][gc,metaspace] GC(42) Metaspace: 83150K(83776K)->83150K(83776K) NonClass: 72175K(72512K)->72175K(72512K) Class: 10975K(11264K)->10975K(11264K)
[2025-12-02T00:23:55.538+0000][10.514s][info ][gc          ] GC(42) Pause Young (Normal) (G1 Evacuation Pause) 169M->59M(204M) 6.198ms
[2025-12-02T00:23:55.538+0000][10.514s][info ][gc,cpu      ] GC(42) User=0.05s Sys=0.00s Real=0.01s
[2025-12-02T00:23:55.538+0000][10.515s][info ][safepoint   ] Safepoint "G1CollectForAllocation", Time since last: 339673484 ns, Reaching safepoint: 257023 ns, Cleanup: 122994 ns, At safepoint: 6455558 ns, Total: 6835575 ns
[2025-12-02T00:23:55.930+0000][10.906s][debug][safepoint   ] Safepoint synchronization initiated using futex wait barrier. (21 threads)
[2025-12-02T00:23:55.930+0000][10.907s][info ][safepoint   ] Safepoint "ICBufferFull", Time since last: 391784268 ns, Reaching safepoint: 320564 ns, Cleanup: 171288 ns, At safepoint: 34993 ns, Total: 526845 ns
[2025-12-02T00:23:55.967+0000][10.944s][debug][safepoint   ] Safepoint synchronization initiated using futex wait barrier. (21 threads)
[2025-12-02T00:23:55.968+0000][10.944s][info ][gc,start    ] GC(43) Pause Young (Normal) (G1 Evacuation Pause)
[2025-12-02T00:23:55.968+0000][10.944s][info ][gc,task     ] GC(43) Using 10 workers of 10 for evacuation
[2025-12-02T00:23:55.974+0000][10.951s][info ][gc,phases   ] GC(43)   Pre Evacuate Collection Set: 0.1ms
[2025-12-02T00:23:55.974+0000][10.951s][info ][gc,phases   ] GC(43)   Merge Heap Roots: 0.1ms
[2025-12-02T00:23:55.974+0000][10.951s][info ][gc,phases   ] GC(43)   Evacuate Collection Set: 5.0ms
[2025-12-02T00:23:55.974+0000][10.951s][info ][gc,phases   ] GC(43)   Post Evacuate Collection Set: 0.9ms
[2025-12-02T00:23:55.975+0000][10.951s][info ][gc,phases   ] GC(43)   Other: 0.3ms
[2025-12-02T00:23:55.975+0000][10.951s][info ][gc,heap     ] GC(43) Eden regions: 109->0(107)
[2025-12-02T00:23:55.975+0000][10.951s][info ][gc,heap     ] GC(43) Survivor regions: 12->11(16)
[2025-12-02T00:23:55.975+0000][10.952s][info ][gc,heap     ] GC(43) Old regions: 48->52
[2025-12-02T00:23:55.975+0000][10.952s][info ][gc,heap     ] GC(43) Archive regions: 2->2
[2025-12-02T00:23:55.975+0000][10.952s][info ][gc,heap     ] GC(43) Humongous regions: 0->0
[2025-12-02T00:23:55.975+0000][10.952s][info ][gc,metaspace] GC(43) Metaspace: 85994K(86656K)->85994K(86656K) NonClass: 74787K(75136K)->74787K(75136K) Class: 11206K(11520K)->11206K(11520K)
[2025-12-02T00:23:55.976+0000][10.952s][info ][gc          ] GC(43) Pause Young (Normal) (G1 Evacuation Pause) 168M->63M(204M) 7.808ms
[2025-12-02T00:23:55.976+0000][10.952s][info ][gc,cpu      ] GC(43) User=0.05s Sys=0.00s Real=0.00s
[2025-12-02T00:23:55.976+0000][10.952s][info ][safepoint   ] Safepoint "G1CollectForAllocation", Time since last: 37029945 ns, Reaching safepoint: 264927 ns, Cleanup: 40286 ns, At safepoint: 8124175 ns, Total: 8429388 ns
[2025-12-02T00:23:56.413+0000][11.389s][debug][safepoint   ] Safepoint synchronization initiated using futex wait barrier. (30 threads)
[2025-12-02T00:23:56.413+0000][11.390s][info ][gc,start    ] GC(44) Pause Young (Normal) (G1 Evacuation Pause)
[2025-12-02T00:23:56.413+0000][11.390s][info ][gc,task     ] GC(44) Using 10 workers of 10 for evacuation
[2025-12-02T00:23:56.419+0000][11.396s][info ][gc,phases   ] GC(44)   Pre Evacuate Collection Set: 0.1ms
[2025-12-02T00:23:56.419+0000][11.396s][info ][gc,phases   ] GC(44)   Merge Heap Roots: 0.1ms
[2025-12-02T00:23:56.419+0000][11.396s][info ][gc,phases   ] GC(44)   Evacuate Collection Set: 4.2ms
[2025-12-02T00:23:56.419+0000][11.396s][info ][gc,phases   ] GC(44)   Post Evacuate Collection Set: 0.9ms
[2025-12-02T00:23:56.419+0000][11.396s][info ][gc,phases   ] GC(44)   Other: 0.3ms
[2025-12-02T00:23:56.420+0000][11.396s][info ][gc,heap     ] GC(44) Eden regions: 107->0(105)
[2025-12-02T00:23:56.420+0000][11.396s][info ][gc,heap     ] GC(44) Survivor regions: 11->7(15)
[2025-12-02T00:23:56.420+0000][11.396s][info ][gc,heap     ] GC(44) Old regions: 52->59
[2025-12-02T00:23:56.420+0000][11.396s][info ][gc,heap     ] GC(44) Archive regions: 2->2
[2025-12-02T00:23:56.420+0000][11.397s][info ][gc,heap     ] GC(44) Humongous regions: 0->0
[2025-12-02T00:23:56.420+0000][11.397s][info ][gc,metaspace] GC(44) Metaspace: 89791K(90496K)->89791K(90496K) NonClass: 78266K(78656K)->78266K(78656K) Class: 11525K(11840K)->11525K(11840K)
[2025-12-02T00:23:56.420+0000][11.397s][info ][gc          ] GC(44) Pause Young (Normal) (G1 Evacuation Pause) 170M->65M(204M) 7.023ms
[2025-12-02T00:23:56.420+0000][11.397s][info ][gc,cpu      ] GC(44) User=0.06s Sys=0.00s Real=0.01s
[2025-12-02T00:23:56.420+0000][11.397s][info ][safepoint   ] Safepoint "G1CollectForAllocation", Time since last: 437020188 ns, Reaching safepoint: 246460 ns, Cleanup: 108820 ns, At safepoint: 7291580 ns, Total: 7646860 ns
[2025-12-02T00:23:56.786+0000][11.762s][debug][safepoint   ] Safepoint synchronization initiated using futex wait barrier. (31 threads)
[2025-12-02T00:23:56.786+0000][11.763s][info ][gc,start    ] GC(45) Pause Young (Normal) (G1 Evacuation Pause)
[2025-12-02T00:23:56.786+0000][11.763s][info ][gc,task     ] GC(45) Using 10 workers of 10 for evacuation
[2025-12-02T00:23:56.790+0000][11.767s][info ][gc,phases   ] GC(45)   Pre Evacuate Collection Set: 0.1ms
[2025-12-02T00:23:56.791+0000][11.767s][info ][gc,phases   ] GC(45)   Merge Heap Roots: 0.1ms
[2025-12-02T00:23:56.791+0000][11.767s][info ][gc,phases   ] GC(45)   Evacuate Collection Set: 3.1ms
[2025-12-02T00:23:56.791+0000][11.767s][info ][gc,phases   ] GC(45)   Post Evacuate Collection Set: 0.7ms
[2025-12-02T00:23:56.791+0000][11.768s][info ][gc,phases   ] GC(45)   Other: 0.3ms
[2025-12-02T00:23:56.791+0000][11.768s][info ][gc,heap     ] GC(45) Eden regions: 105->0(100)
[2025-12-02T00:23:56.791+0000][11.768s][info ][gc,heap     ] GC(45) Survivor regions: 7->11(14)
[2025-12-02T00:23:56.791+0000][11.768s][info ][gc,heap     ] GC(45) Old regions: 59->59
[2025-12-02T00:23:56.791+0000][11.768s][info ][gc,heap     ] GC(45) Archive regions: 2->2
[2025-12-02T00:23:56.791+0000][11.768s][info ][gc,heap     ] GC(45) Humongous regions: 0->0
[2025-12-02T00:23:56.792+0000][11.768s][info ][gc,metaspace] GC(45) Metaspace: 92209K(92928K)->92209K(92928K) NonClass: 80537K(80896K)->80537K(80896K) Class: 11672K(12032K)->11672K(12032K)
[2025-12-02T00:23:56.792+0000][11.768s][info ][gc          ] GC(45) Pause Young (Normal) (G1 Evacuation Pause) 170M->69M(204M) 5.470ms
[2025-12-02T00:23:56.792+0000][11.768s][info ][gc,cpu      ] GC(45) User=0.04s Sys=0.02s Real=0.01s
[2025-12-02T00:23:56.792+0000][11.768s][info ][safepoint   ] Safepoint "G1CollectForAllocation", Time since last: 365344405 ns, Reaching safepoint: 253116 ns, Cleanup: 107708 ns, At safepoint: 5750141 ns, Total: 6110965 ns
[2025-12-02T00:23:57.018+0000][11.994s][debug][safepoint   ] Safepoint synchronization initiated using futex wait barrier. (31 threads)
[2025-12-02T00:23:57.018+0000][11.995s][info ][gc,start    ] GC(46) Pause Young (Normal) (G1 Evacuation Pause)
[2025-12-02T00:23:57.018+0000][11.995s][info ][gc,task     ] GC(46) Using 10 workers of 10 for evacuation
[2025-12-02T00:23:57.024+0000][12.000s][info ][gc,phases   ] GC(46)   Pre Evacuate Collection Set: 0.1ms
[2025-12-02T00:23:57.024+0000][12.000s][info ][gc,phases   ] GC(46)   Merge Heap Roots: 0.1ms
[2025-12-02T00:23:57.024+0000][12.000s][info ][gc,phases   ] GC(46)   Evacuate Collection Set: 4.2ms
[2025-12-02T00:23:57.024+0000][12.001s][info ][gc,phases   ] GC(46)   Post Evacuate Collection Set: 0.8ms
[2025-12-02T00:23:57.024+0000][12.001s][info ][gc,phases   ] GC(46)   Other: 0.3ms
[2025-12-02T00:23:57.024+0000][12.001s][info ][gc,heap     ] GC(46) Eden regions: 100->0(99)
[2025-12-02T00:23:57.024+0000][12.001s][info ][gc,heap     ] GC(46) Survivor regions: 11->10(14)
[2025-12-02T00:23:57.024+0000][12.001s][info ][gc,heap     ] GC(46) Old regions: 59->62
[2025-12-02T00:23:57.024+0000][12.001s][info ][gc,heap     ] GC(46) Archive regions: 2->2
[2025-12-02T00:23:57.025+0000][12.001s][info ][gc,heap     ] GC(46) Humongous regions: 0->0
[2025-12-02T00:23:57.025+0000][12.001s][info ][gc,metaspace] GC(46) Metaspace: 93420K(94144K)->93420K(94144K) NonClass: 81575K(81920K)->81575K(81920K) Class: 11845K(12224K)->11845K(12224K)
[2025-12-02T00:23:57.025+0000][12.001s][info ][gc          ] GC(46) Pause Young (Normal) (G1 Evacuation Pause) 169M->71M(204M) 6.673ms
[2025-12-02T00:23:57.025+0000][12.001s][info ][gc,cpu      ] GC(46) User=0.04s Sys=0.00s Real=0.00s
[2025-12-02T00:23:57.025+0000][12.002s][info ][safepoint   ] Safepoint "G1CollectForAllocation", Time since last: 225814277 ns, Reaching safepoint: 277676 ns, Cleanup: 85806 ns, At safepoint: 6963789 ns, Total: 7327271 ns
[2025-12-02T00:23:57.295+0000][12.271s][debug][safepoint   ] Safepoint synchronization initiated using futex wait barrier. (31 threads)
[2025-12-02T00:23:57.295+0000][12.272s][info ][gc,start    ] GC(47) Pause Young (Normal) (G1 Evacuation Pause)
[2025-12-02T00:23:57.295+0000][12.272s][info ][gc,task     ] GC(47) Using 10 workers of 10 for evacuation
[2025-12-02T00:23:57.300+0000][12.277s][info ][gc,phases   ] GC(47)   Pre Evacuate Collection Set: 0.1ms
[2025-12-02T00:23:57.301+0000][12.277s][info ][gc,phases   ] GC(47)   Merge Heap Roots: 0.1ms
[2025-12-02T00:23:57.301+0000][12.277s][info ][gc,phases   ] GC(47)   Evacuate Collection Set: 3.7ms
[2025-12-02T00:23:57.301+0000][12.277s][info ][gc,phases   ] GC(47)   Post Evacuate Collection Set: 0.9ms
[2025-12-02T00:23:57.301+0000][12.277s][info ][gc,phases   ] GC(47)   Other: 0.3ms
[2025-12-02T00:23:57.301+0000][12.278s][info ][gc,heap     ] GC(47) Eden regions: 99->0(100)
[2025-12-02T00:23:57.301+0000][12.278s][info ][gc,heap     ] GC(47) Survivor regions: 10->8(14)
[2025-12-02T00:23:57.301+0000][12.278s][info ][gc,heap     ] GC(47) Old regions: 62->65
[2025-12-02T00:23:57.301+0000][12.278s][info ][gc,heap     ] GC(47) Archive regions: 2->2
[2025-12-02T00:23:57.301+0000][12.278s][info ][gc,heap     ] GC(47) Humongous regions: 0->0
[2025-12-02T00:23:57.301+0000][12.278s][info ][gc,metaspace] GC(47) Metaspace: 94824K(95488K)->94824K(95488K) NonClass: 82770K(83072K)->82770K(83072K) Class: 12054K(12416K)->12054K(12416K)
[2025-12-02T00:23:57.302+0000][12.278s][info ][gc          ] GC(47) Pause Young (Normal) (G1 Evacuation Pause) 170M->73M(204M) 6.280ms
[2025-12-02T00:23:57.302+0000][12.278s][info ][gc,cpu      ] GC(47) User=0.06s Sys=0.00s Real=0.01s
[2025-12-02T00:23:57.302+0000][12.278s][info ][safepoint   ] Safepoint "G1CollectForAllocation", Time since last: 269826550 ns, Reaching safepoint: 256060 ns, Cleanup: 94667 ns, At safepoint: 6541649 ns, Total: 6892376 ns
[2025-12-02T00:23:57.567+0000][12.543s][debug][safepoint   ] Safepoint synchronization initiated using futex wait barrier. (31 threads)
[2025-12-02T00:23:57.567+0000][12.544s][info ][gc,start    ] GC(48) Pause Young (Normal) (G1 Evacuation Pause)
[2025-12-02T00:23:57.567+0000][12.544s][info ][gc,task     ] GC(48) Using 10 workers of 10 for evacuation
[2025-12-02T00:23:57.572+0000][12.549s][info ][gc,phases   ] GC(48)   Pre Evacuate Collection Set: 0.2ms
[2025-12-02T00:23:57.572+0000][12.549s][info ][gc,phases   ] GC(48)   Merge Heap Roots: 0.1ms
[2025-12-02T00:23:57.572+0000][12.549s][info ][gc,phases   ] GC(48)   Evacuate Collection Set: 3.3ms
[2025-12-02T00:23:57.573+0000][12.549s][info ][gc,phases   ] GC(48)   Post Evacuate Collection Set: 1.0ms
[2025-12-02T00:23:57.573+0000][12.549s][info ][gc,phases   ] GC(48)   Other: 0.4ms
[2025-12-02T00:23:57.573+0000][12.549s][info ][gc,heap     ] GC(48) Eden regions: 100->0(98)
[2025-12-02T00:23:57.573+0000][12.550s][info ][gc,heap     ] GC(48) Survivor regions: 8->9(14)
[2025-12-02T00:23:57.573+0000][12.550s][info ][gc,heap     ] GC(48) Old regions: 65->65
[2025-12-02T00:23:57.573+0000][12.550s][info ][gc,heap     ] GC(48) Archive regions: 2->2
[2025-12-02T00:23:57.573+0000][12.550s][info ][gc,heap     ] GC(48) Humongous regions: 0->0
[2025-12-02T00:23:57.573+0000][12.550s][info ][gc,metaspace] GC(48) Metaspace: 96725K(97472K)->96725K(97472K) NonClass: 84414K(84800K)->84414K(84800K) Class: 12310K(12672K)->12310K(12672K)
[2025-12-02T00:23:57.574+0000][12.550s][info ][gc          ] GC(48) Pause Young (Normal) (G1 Evacuation Pause) 173M->73M(204M) 6.549ms
[2025-12-02T00:23:57.574+0000][12.550s][info ][gc,cpu      ] GC(48) User=0.03s Sys=0.00s Real=0.00s
[2025-12-02T00:23:57.574+0000][12.550s][info ][safepoint   ] Safepoint "G1CollectForAllocation", Time since last: 264864002 ns, Reaching safepoint: 318785 ns, Cleanup: 57889 ns, At safepoint: 6831878 ns, Total: 7208552 ns
[2025-12-02T00:23:57.954+0000][12.931s][debug][safepoint   ] Safepoint synchronization initiated using futex wait barrier. (44 threads)
[2025-12-02T00:23:57.955+0000][12.931s][info ][gc,start    ] GC(49) Pause Young (Normal) (G1 Evacuation Pause)
[2025-12-02T00:23:57.955+0000][12.931s][info ][gc,task     ] GC(49) Using 10 workers of 10 for evacuation
[2025-12-02T00:23:57.960+0000][12.937s][info ][gc,phases   ] GC(49)   Pre Evacuate Collection Set: 0.1ms
[2025-12-02T00:23:57.960+0000][12.937s][info ][gc,phases   ] GC(49)   Merge Heap Roots: 0.1ms
[2025-12-02T00:23:57.960+0000][12.937s][info ][gc,phases   ] GC(49)   Evacuate Collection Set: 4.2ms
[2025-12-02T00:23:57.961+0000][12.937s][info ][gc,phases   ] GC(49)   Post Evacuate Collection Set: 0.8ms
[2025-12-02T00:23:57.961+0000][12.937s][info ][gc,phases   ] GC(49)   Other: 0.3ms
[2025-12-02T00:23:57.961+0000][12.937s][info ][gc,heap     ] GC(49) Eden regions: 98->0(95)
[2025-12-02T00:23:57.961+0000][12.937s][info ][gc,heap     ] GC(49) Survivor regions: 9->9(14)
[2025-12-02T00:23:57.961+0000][12.938s][info ][gc,heap     ] GC(49) Old regions: 65->68
[2025-12-02T00:23:57.961+0000][12.938s][info ][gc,heap     ] GC(49) Archive regions: 2->2
[2025-12-02T00:23:57.961+0000][12.938s][info ][gc,heap     ] GC(49) Humongous regions: 0->0
[2025-12-02T00:23:57.961+0000][12.938s][info ][gc,metaspace] GC(49) Metaspace: 99876K(100608K)->99876K(100608K) NonClass: 87137K(87488K)->87137K(87488K) Class: 12738K(13120K)->12738K(13120K)
[2025-12-02T00:23:57.961+0000][12.938s][info ][gc          ] GC(49) Pause Young (Normal) (G1 Evacuation Pause) 171M->76M(204M) 6.831ms
[2025-12-02T00:23:57.962+0000][12.938s][info ][gc,cpu      ] GC(49) User=0.07s Sys=0.00s Real=0.01s
[2025-12-02T00:23:57.962+0000][12.938s][info ][safepoint   ] Safepoint "G1CollectForAllocation", Time since last: 380270601 ns, Reaching safepoint: 267402 ns, Cleanup: 149138 ns, At safepoint: 7098556 ns, Total: 7515096 ns
[2025-12-02T00:23:58.250+0000][13.227s][debug][safepoint   ] Safepoint synchronization initiated using futex wait barrier. (44 threads)
[2025-12-02T00:23:58.251+0000][13.227s][info ][gc,start    ] GC(50) Pause Young (Normal) (G1 Evacuation Pause)
[2025-12-02T00:23:58.251+0000][13.227s][info ][gc,task     ] GC(50) Using 10 workers of 10 for evacuation
[2025-12-02T00:23:58.256+0000][13.232s][info ][gc,phases   ] GC(50)   Pre Evacuate Collection Set: 0.1ms
[2025-12-02T00:23:58.256+0000][13.232s][info ][gc,phases   ] GC(50)   Merge Heap Roots: 0.1ms
[2025-12-02T00:23:58.256+0000][13.233s][info ][gc,phases   ] GC(50)   Evacuate Collection Set: 3.7ms
[2025-12-02T00:23:58.256+0000][13.233s][info ][gc,phases   ] GC(50)   Post Evacuate Collection Set: 0.8ms
[2025-12-02T00:23:58.256+0000][13.233s][info ][gc,phases   ] GC(50)   Other: 0.3ms
[2025-12-02T00:23:58.256+0000][13.233s][info ][gc,heap     ] GC(50) Eden regions: 95->0(93)
[2025-12-02T00:23:58.256+0000][13.233s][info ][gc,heap     ] GC(50) Survivor regions: 9->9(13)
[2025-12-02T00:23:58.257+0000][13.233s][info ][gc,heap     ] GC(50) Old regions: 68->70
[2025-12-02T00:23:58.257+0000][13.233s][info ][gc,heap     ] GC(50) Archive regions: 2->2
[2025-12-02T00:23:58.257+0000][13.233s][info ][gc,heap     ] GC(50) Humongous regions: 0->0
[2025-12-02T00:23:58.257+0000][13.233s][info ][gc,metaspace] GC(50) Metaspace: 101851K(102592K)->101851K(102592K) NonClass: 88806K(89152K)->88806K(89152K) Class: 13045K(13440K)->13045K(13440K)
[2025-12-02T00:23:58.257+0000][13.234s][info ][gc          ] GC(50) Pause Young (Normal) (G1 Evacuation Pause) 171M->79M(204M) 6.363ms
[2025-12-02T00:23:58.257+0000][13.234s][info ][gc,cpu      ] GC(50) User=0.05s Sys=0.01s Real=0.01s
[2025-12-02T00:23:58.257+0000][13.234s][info ][safepoint   ] Safepoint "G1CollectForAllocation", Time since last: 288576803 ns, Reaching safepoint: 291677 ns, Cleanup: 87040 ns, At safepoint: 6659335 ns, Total: 7038052 ns
[2025-12-02T00:23:58.494+0000][13.471s][debug][safepoint   ] Safepoint synchronization initiated using futex wait barrier. (44 threads)
[2025-12-02T00:23:58.494+0000][13.471s][info ][gc,start    ] GC(51) Pause Young (Normal) (G1 Evacuation Pause)
[2025-12-02T00:23:58.494+0000][13.471s][info ][gc,task     ] GC(51) Using 10 workers of 10 for evacuation
[2025-12-02T00:23:58.499+0000][13.476s][info ][gc,phases   ] GC(51)   Pre Evacuate Collection Set: 0.1ms
[2025-12-02T00:23:58.499+0000][13.476s][info ][gc,phases   ] GC(51)   Merge Heap Roots: 0.1ms
[2025-12-02T00:23:58.499+0000][13.476s][info ][gc,phases   ] GC(51)   Evacuate Collection Set: 3.4ms
[2025-12-02T00:23:58.499+0000][13.476s][info ][gc,phases   ] GC(51)   Post Evacuate Collection Set: 1.0ms
[2025-12-02T00:23:58.500+0000][13.476s][info ][gc,phases   ] GC(51)   Other: 0.3ms
[2025-12-02T00:23:58.500+0000][13.476s][info ][gc,heap     ] GC(51) Eden regions: 93->0(128)
[2025-12-02T00:23:58.500+0000][13.476s][info ][gc,heap     ] GC(51) Survivor regions: 9->8(13)
[2025-12-02T00:23:58.500+0000][13.476s][info ][gc,heap     ] GC(51) Old regions: 70->72
[2025-12-02T00:23:58.500+0000][13.476s][info ][gc,heap     ] GC(51) Archive regions: 2->2
[2025-12-02T00:23:58.500+0000][13.476s][info ][gc,heap     ] GC(51) Humongous regions: 0->0
[2025-12-02T00:23:58.500+0000][13.477s][info ][gc,metaspace] GC(51) Metaspace: 103387K(104128K)->103387K(104128K) NonClass: 90112K(90496K)->90112K(90496K) Class: 13275K(13632K)->13275K(13632K)
[2025-12-02T00:23:58.500+0000][13.477s][info ][gc          ] GC(51) Pause Young (Normal) (G1 Evacuation Pause) 172M->80M(245M) 5.820ms
[2025-12-02T00:23:58.500+0000][13.477s][info ][gc,cpu      ] GC(51) User=0.06s Sys=0.00s Real=0.01s
[2025-12-02T00:23:58.500+0000][13.477s][info ][safepoint   ] Safepoint "G1CollectForAllocation", Time since last: 236693090 ns, Reaching safepoint: 309180 ns, Cleanup: 52767 ns, At safepoint: 6067570 ns, Total: 6429517 ns
[2025-12-02T00:23:58.862+0000][13.838s][debug][safepoint   ] Safepoint synchronization initiated using futex wait barrier. (44 threads)
[2025-12-02T00:23:58.862+0000][13.839s][info ][safepoint   ] Safepoint "ICBufferFull", Time since last: 361437168 ns, Reaching safepoint: 356223 ns, Cleanup: 117042 ns, At safepoint: 22254 ns, Total: 495519 ns
[2025-12-02T00:23:59.009+0000][13.986s][debug][safepoint   ] Safepoint synchronization initiated using futex wait barrier. (44 threads)
[2025-12-02T00:23:59.010+0000][13.986s][info ][gc,start    ] GC(52) Pause Young (Normal) (G1 Evacuation Pause)
[2025-12-02T00:23:59.010+0000][13.986s][info ][gc,task     ] GC(52) Using 10 workers of 10 for evacuation
[2025-12-02T00:23:59.015+0000][13.992s][info ][gc,phases   ] GC(52)   Pre Evacuate Collection Set: 0.1ms
[2025-12-02T00:23:59.015+0000][13.992s][info ][gc,phases   ] GC(52)   Merge Heap Roots: 0.1ms
[2025-12-02T00:23:59.015+0000][13.992s][info ][gc,phases   ] GC(52)   Evacuate Collection Set: 3.8ms
[2025-12-02T00:23:59.016+0000][13.992s][info ][gc,phases   ] GC(52)   Post Evacuate Collection Set: 1.0ms
[2025-12-02T00:23:59.016+0000][13.992s][info ][gc,phases   ] GC(52)   Other: 0.3ms
[2025-12-02T00:23:59.016+0000][13.992s][info ][gc,heap     ] GC(52) Eden regions: 128->0(124)
[2025-12-02T00:23:59.016+0000][13.992s][info ][gc,heap     ] GC(52) Survivor regions: 8->11(17)
[2025-12-02T00:23:59.016+0000][13.992s][info ][gc,heap     ] GC(52) Old regions: 72->72
[2025-12-02T00:23:59.016+0000][13.993s][info ][gc,heap     ] GC(52) Archive regions: 2->2
[2025-12-02T00:23:59.016+0000][13.993s][info ][gc,heap     ] GC(52) Humongous regions: 0->0
[2025-12-02T00:23:59.016+0000][13.993s][info ][gc,metaspace] GC(52) Metaspace: 107293K(108096K)->107293K(108096K) NonClass: 93462K(93888K)->93462K(93888K) Class: 13830K(14208K)->13830K(14208K)
[2025-12-02T00:23:59.016+0000][13.993s][info ][gc          ] GC(52) Pause Young (Normal) (G1 Evacuation Pause) 208M->82M(245M) 6.423ms
[2025-12-02T00:23:59.016+0000][13.993s][info ][gc,cpu      ] GC(52) User=0.05s Sys=0.01s Real=0.00s
[2025-12-02T00:23:59.016+0000][13.993s][info ][safepoint   ] Safepoint "G1CollectForAllocation", Time since last: 147162300 ns, Reaching safepoint: 185609 ns, Cleanup: 77798 ns, At safepoint: 6693198 ns, Total: 6956605 ns
[2025-12-02T00:23:59.063+0000][14.040s][info ][gc,heap,exit] Heap
[2025-12-02T00:23:59.063+0000][14.040s][info ][gc,heap,exit]  garbage-first heap   total 250880K, used 95407K [0x0000000084600000, 0x0000000100000000)
[2025-12-02T00:23:59.063+0000][14.040s][info ][gc,heap,exit]   region size 1024K, 22 young (22528K), 11 survivors (11264K)
[2025-12-02T00:23:59.063+0000][14.040s][info ][gc,heap,exit]  Metaspace       used 107740K, committed 108480K, reserved 1179648K
[2025-12-02T00:23:59.064+0000][14.040s][info ][gc,heap,exit]   class space    used 13902K, committed 14272K, reserved 1048576K
[2025-12-02T00:23:59.064+0000][14.040s][debug][safepoint   ] Safepoint synchronization initiated using futex wait barrier. (15 threads)
