[0.019s][info][gc] Using G1
[0.020s][debug][gc] ConcGCThreads: 3 offset 22
[0.020s][debug][gc] ParallelGCThreads: 10
[0.021s][debug][gc] Initialize mark stack with 4096 chunks, maximum 524288
[0.918s][info ][gc] GC(0) Pause Young (Normal) (G1 Evacuation Pause) 100M->7M(2000M) 2.705ms
[1.390s][info ][gc] GC(1) Pause Young (Normal) (G1 Evacuation Pause) 112M->10M(2000M) 3.637ms
[1.731s][info ][gc] GC(2) Pause Young (Concurrent Start) (Metadata GC Threshold) 133M->12M(2000M) 4.192ms
[1.731s][info ][gc] GC(3) Concurrent Mark Cycle
[1.736s][info ][gc] GC(3) Pause Remark 13M->13M(2000M) 1.382ms
[1.736s][info ][gc] GC(3) Pause Cleanup 13M->13M(2000M) 0.002ms
[1.739s][info ][gc] GC(3) Concurrent Mark Cycle 7.396ms
[3.004s][info ][gc] GC(4) Pause Young (Concurrent Start) (Metadata GC Threshold) 487M->28M(2000M) 8.649ms
[3.004s][info ][gc] GC(5) Concurrent Mark Cycle
[3.010s][info ][gc] GC(5) Pause Remark 30M->30M(2000M) 1.592ms
[3.011s][info ][gc] GC(5) Pause Cleanup 30M->30M(2000M) 0.003ms
[3.013s][info ][gc] GC(5) Concurrent Mark Cycle 9.190ms
[4.499s][info ][gc] GC(6) Pause Young (Normal) (G1 Evacuation Pause) 437M->39M(2000M) 10.587ms
[4.788s][info ][gc] GC(7) Pause Young (Concurrent Start) (Metadata GC Threshold) 99M->40M(2000M) 10.927ms
[4.788s][info ][gc] GC(8) Concurrent Mark Cycle
[4.797s][info ][gc] GC(8) Pause Remark 41M->41M(2000M) 2.415ms
[4.799s][info ][gc] GC(8) Pause Cleanup 41M->41M(2000M) 0.159ms
[4.801s][info ][gc] GC(8) Concurrent Mark Cycle 13.029ms
[8.176s][info ][gc] GC(9) Pause Young (Normal) (G1 Evacuation Pause) 895M->57M(2000M) 16.973ms
[8.539s][info ][gc] GC(10) Pause Young (Concurrent Start) (Metadata GC Threshold) 128M->59M(2000M) 14.725ms
[8.539s][info ][gc] GC(11) Concurrent Mark Cycle
[8.555s][info ][gc] GC(11) Pause Remark 60M->60M(2000M) 3.386ms
[8.557s][info ][gc] GC(11) Pause Cleanup 61M->61M(2000M) 0.186ms
[8.559s][info ][gc] GC(11) Concurrent Mark Cycle 20.276ms
[12.021s][info ][gc] GC(12) Pause Young (Normal) (G1 Evacuation Pause) 1086M->92M(2000M) 25.408ms
