[0.019s][info][gc] Using G1
[0.020s][debug][gc] ConcGCThreads: 3 offset 22
[0.020s][debug][gc] ParallelGCThreads: 10
[0.020s][debug][gc] Initialize mark stack with 4096 chunks, maximum 524288
[0.930s][info ][gc] GC(0) Pause Young (Normal) (G1 Evacuation Pause) 100M->7M(2000M) 3.020ms
[1.379s][info ][gc] GC(1) Pause Young (Normal) (G1 Evacuation Pause) 112M->9M(2000M) 3.392ms
[1.796s][info ][gc] GC(2) Pause Young (Concurrent Start) (Metadata GC Threshold) 134M->12M(2000M) 5.305ms
[1.796s][info ][gc] GC(3) Concurrent Mark Cycle
[1.805s][info ][gc] GC(3) Pause Remark 13M->13M(2000M) 3.075ms
[1.805s][info ][gc] GC(3) Pause Cleanup 13M->13M(2000M) 0.004ms
[1.809s][info ][gc] GC(3) Concurrent Mark Cycle 12.727ms
[3.251s][info ][gc] GC(4) Pause Young (Concurrent Start) (Metadata GC Threshold) 487M->28M(2000M) 9.695ms
[3.251s][info ][gc] GC(5) Concurrent Mark Cycle
[3.258s][info ][gc] GC(5) Pause Remark 29M->29M(2000M) 1.450ms
[3.258s][info ][gc] GC(5) Pause Cleanup 29M->29M(2000M) 0.002ms
[3.261s][info ][gc] GC(5) Concurrent Mark Cycle 9.414ms
[4.867s][info ][gc] GC(6) Pause Young (Normal) (G1 Evacuation Pause) 439M->39M(2000M) 13.058ms
[5.131s][info ][gc] GC(7) Pause Young (Concurrent Start) (Metadata GC Threshold) 96M->41M(2000M) 9.788ms
[5.131s][info ][gc] GC(8) Concurrent Mark Cycle
[5.140s][info ][gc] GC(8) Pause Remark 43M->43M(2000M) 1.926ms
[5.142s][info ][gc] GC(8) Pause Cleanup 43M->43M(2000M) 0.205ms
[5.145s][info ][gc] GC(8) Concurrent Mark Cycle 13.652ms
[8.307s][info ][gc] GC(9) Pause Young (Normal) (G1 Evacuation Pause) 879M->58M(2000M) 21.767ms
[8.757s][info ][gc] GC(10) Pause Young (Concurrent Start) (Metadata GC Threshold) 147M->59M(2000M) 14.817ms
[8.758s][info ][gc] GC(11) Concurrent Mark Cycle
[8.772s][info ][gc] GC(11) Pause Remark 61M->61M(2000M) 3.261ms
[8.774s][info ][gc] GC(11) Pause Cleanup 61M->61M(2000M) 0.181ms
[8.776s][info ][gc] GC(11) Concurrent Mark Cycle 18.736ms
[12.519s][info ][gc] GC(12) Pause Young (Normal) (G1 Evacuation Pause) 1208M->96M(2000M) 27.406ms
