[0.018s][info][gc] Using G1
[0.019s][debug][gc] ConcGCThreads: 3 offset 22
[0.019s][debug][gc] ParallelGCThreads: 10
[0.019s][debug][gc] Initialize mark stack with 4096 chunks, maximum 524288
[0.895s][info ][gc] GC(0) Pause Young (Normal) (G1 Evacuation Pause) 100M->7M(2000M) 3.119ms
[1.360s][info ][gc] GC(1) Pause Young (Normal) (G1 Evacuation Pause) 112M->9M(2000M) 3.455ms
[1.709s][info ][gc] GC(2) Pause Young (Concurrent Start) (Metadata GC Threshold) 132M->12M(2000M) 4.137ms
[1.709s][info ][gc] GC(3) Concurrent Mark Cycle
[1.714s][info ][gc] GC(3) Pause Remark 13M->13M(2000M) 1.462ms
[1.714s][info ][gc] GC(3) Pause Cleanup 13M->13M(2000M) 0.002ms
[1.717s][info ][gc] GC(3) Concurrent Mark Cycle 7.727ms
[2.974s][info ][gc] GC(4) Pause Young (Concurrent Start) (Metadata GC Threshold) 488M->28M(2000M) 9.276ms
[2.974s][info ][gc] GC(5) Concurrent Mark Cycle
[2.980s][info ][gc] GC(5) Pause Remark 29M->29M(2000M) 1.430ms
[2.980s][info ][gc] GC(5) Pause Cleanup 29M->29M(2000M) 0.002ms
[2.983s][info ][gc] GC(5) Concurrent Mark Cycle 8.542ms
[4.481s][info ][gc] GC(6) Pause Young (Normal) (G1 Evacuation Pause) 435M->39M(2000M) 10.479ms
[4.779s][info ][gc] GC(7) Pause Young (Concurrent Start) (Metadata GC Threshold) 101M->40M(2000M) 10.274ms
[4.779s][info ][gc] GC(8) Concurrent Mark Cycle
[4.787s][info ][gc] GC(8) Pause Remark 41M->41M(2000M) 1.951ms
[4.789s][info ][gc] GC(8) Pause Cleanup 42M->42M(2000M) 0.161ms
[4.792s][info ][gc] GC(8) Concurrent Mark Cycle 12.966ms
[8.045s][info ][gc] GC(9) Pause Young (Normal) (G1 Evacuation Pause) 877M->58M(2000M) 14.830ms
[8.430s][info ][gc] GC(10) Pause Young (Concurrent Start) (Metadata GC Threshold) 149M->59M(2000M) 12.600ms
[8.431s][info ][gc] GC(11) Concurrent Mark Cycle
[8.445s][info ][gc] GC(11) Pause Remark 61M->61M(2000M) 3.302ms
[8.447s][info ][gc] GC(11) Pause Cleanup 61M->61M(2000M) 0.195ms
[8.450s][info ][gc] GC(11) Concurrent Mark Cycle 18.816ms
[12.302s][info ][gc] GC(12) Pause Young (Normal) (G1 Evacuation Pause) 1209M->96M(2000M) 25.402ms
