[0.020s][info][gc] Using G1
[0.021s][debug][gc] ConcGCThreads: 3 offset 22
[0.021s][debug][gc] ParallelGCThreads: 10
[0.021s][debug][gc] Initialize mark stack with 4096 chunks, maximum 524288
[0.978s][info ][gc] GC(0) Pause Young (Normal) (G1 Evacuation Pause) 100M->7M(2000M) 2.667ms
[1.502s][info ][gc] GC(1) Pause Young (Normal) (G1 Evacuation Pause) 112M->9M(2000M) 3.834ms
[1.880s][info ][gc] GC(2) Pause Young (Concurrent Start) (Metadata GC Threshold) 125M->11M(2000M) 4.275ms
[1.880s][info ][gc] GC(3) Concurrent Mark Cycle
[1.885s][info ][gc] GC(3) Pause Remark 12M->12M(2000M) 1.544ms
[1.885s][info ][gc] GC(3) Pause Cleanup 12M->12M(2000M) 0.002ms
[1.888s][info ][gc] GC(3) Concurrent Mark Cycle 7.628ms
[3.216s][info ][gc] GC(4) Pause Young (Concurrent Start) (Metadata GC Threshold) 494M->28M(2000M) 9.104ms
[3.216s][info ][gc] GC(5) Concurrent Mark Cycle
[3.223s][info ][gc] GC(5) Pause Remark 30M->30M(2000M) 1.473ms
[3.223s][info ][gc] GC(5) Pause Cleanup 30M->30M(2000M) 0.002ms
[3.226s][info ][gc] GC(5) Concurrent Mark Cycle 9.886ms
[4.772s][info ][gc] GC(6) Pause Young (Normal) (G1 Evacuation Pause) 443M->39M(2000M) 11.586ms
[5.038s][info ][gc] GC(7) Pause Young (Concurrent Start) (Metadata GC Threshold) 93M->40M(2000M) 13.230ms
[5.039s][info ][gc] GC(8) Concurrent Mark Cycle
[5.046s][info ][gc] GC(8) Pause Remark 41M->41M(2000M) 1.861ms
[5.048s][info ][gc] GC(8) Pause Cleanup 42M->42M(2000M) 0.141ms
[5.051s][info ][gc] GC(8) Concurrent Mark Cycle 12.014ms
[6.696s][info ][gc] GC(9) Pause Young (Normal) (G1 Evacuation Pause) 480M->50M(2000M) 11.279ms
[8.678s][info ][gc] GC(10) Pause Young (Concurrent Start) (Metadata GC Threshold) 537M->60M(2000M) 16.500ms
[8.678s][info ][gc] GC(11) Concurrent Mark Cycle
[8.694s][info ][gc] GC(11) Pause Remark 62M->62M(2000M) 3.527ms
[8.696s][info ][gc] GC(11) Pause Cleanup 62M->62M(2000M) 0.122ms
[8.699s][info ][gc] GC(11) Concurrent Mark Cycle 20.803ms
[12.214s][info ][gc] GC(12) Pause Young (Normal) (G1 Evacuation Pause) 1104M->93M(2000M) 27.215ms
