[0.018s][info][gc] Using G1
[0.019s][debug][gc] ConcGCThreads: 3 offset 22
[0.019s][debug][gc] ParallelGCThreads: 10
[0.019s][debug][gc] Initialize mark stack with 4096 chunks, maximum 524288
[0.816s][info ][gc] GC(0) Pause Young (Normal) (G1 Evacuation Pause) 100M->7M(2000M) 2.985ms
[1.274s][info ][gc] GC(1) Pause Young (Normal) (G1 Evacuation Pause) 112M->9M(2000M) 3.431ms
[1.610s][info ][gc] GC(2) Pause Young (Concurrent Start) (Metadata GC Threshold) 132M->12M(2000M) 3.957ms
[1.610s][info ][gc] GC(3) Concurrent Mark Cycle
[1.614s][info ][gc] GC(3) Pause Remark 13M->13M(2000M) 1.198ms
[1.614s][info ][gc] GC(3) Pause Cleanup 13M->13M(2000M) 0.002ms
[1.617s][info ][gc] GC(3) Concurrent Mark Cycle 7.277ms
[2.838s][info ][gc] GC(4) Pause Young (Concurrent Start) (Metadata GC Threshold) 487M->29M(2000M) 8.974ms
[2.839s][info ][gc] GC(5) Concurrent Mark Cycle
[2.845s][info ][gc] GC(5) Pause Remark 30M->30M(2000M) 1.541ms
[2.845s][info ][gc] GC(5) Pause Cleanup 30M->30M(2000M) 0.002ms
[2.848s][info ][gc] GC(5) Concurrent Mark Cycle 8.753ms
[4.357s][info ][gc] GC(6) Pause Young (Normal) (G1 Evacuation Pause) 437M->39M(2000M) 10.695ms
[4.659s][info ][gc] GC(7) Pause Young (Concurrent Start) (Metadata GC Threshold) 101M->41M(2000M) 10.792ms
[4.660s][info ][gc] GC(8) Concurrent Mark Cycle
[4.668s][info ][gc] GC(8) Pause Remark 42M->42M(2000M) 2.058ms
[4.670s][info ][gc] GC(8) Pause Cleanup 43M->43M(2000M) 0.176ms
[4.673s][info ][gc] GC(8) Concurrent Mark Cycle 13.426ms
[7.799s][info ][gc] GC(9) Pause Young (Normal) (G1 Evacuation Pause) 873M->58M(2000M) 18.263ms
[8.210s][info ][gc] GC(10) Pause Young (Concurrent Start) (Metadata GC Threshold) 154M->60M(2000M) 12.707ms
[8.210s][info ][gc] GC(11) Concurrent Mark Cycle
[8.225s][info ][gc] GC(11) Pause Remark 62M->62M(2000M) 3.221ms
[8.227s][info ][gc] GC(11) Pause Cleanup 62M->62M(2000M) 0.153ms
[8.230s][info ][gc] GC(11) Concurrent Mark Cycle 19.748ms
[11.822s][info ][gc] GC(12) Pause Young (Normal) (G1 Evacuation Pause) 1209M->96M(2000M) 25.540ms
